Archive member included to satisfy reference by file (symbol)

.\CortexM3\ARM_GCC_541\Debug\ReactionGame.a(ErikaOS_1_ee_activate.o)
                              .\CortexM3\ARM_GCC_541\Debug\main.o (EE_oo_ActivateTask)
.\CortexM3\ARM_GCC_541\Debug\ReactionGame.a(ErikaOS_1_ee_alsetrel.o)
                              .\CortexM3\ARM_GCC_541\Debug\main.o (EE_oo_SetRelAlarm)
.\CortexM3\ARM_GCC_541\Debug\ReactionGame.a(ErikaOS_1_ee_altick.o)
                              .\CortexM3\ARM_GCC_541\Debug\ReactionGame.a(ErikaOS_1_ee_alsetrel.o) (EE_oo_counter_object_insert)
.\CortexM3\ARM_GCC_541\Debug\ReactionGame.a(ErikaOS_1_ee_evclear.o)
                              .\CortexM3\ARM_GCC_541\Debug\game.o (EE_oo_ClearEvent)
.\CortexM3\ARM_GCC_541\Debug\ReactionGame.a(ErikaOS_1_ee_evget.o)
                              .\CortexM3\ARM_GCC_541\Debug\game.o (EE_oo_GetEvent)
.\CortexM3\ARM_GCC_541\Debug\ReactionGame.a(ErikaOS_1_ee_evset.o)
                              .\CortexM3\ARM_GCC_541\Debug\main.o (EE_oo_SetEvent)
.\CortexM3\ARM_GCC_541\Debug\ReactionGame.a(ErikaOS_1_ee_evwait.o)
                              .\CortexM3\ARM_GCC_541\Debug\game.o (EE_oo_WaitEvent)
.\CortexM3\ARM_GCC_541\Debug\ReactionGame.a(ErikaOS_1_ee_gettaskid.o)
                              .\CortexM3\ARM_GCC_541\Debug\trcKernelPort.o (EE_oo_GetTaskID)
.\CortexM3\ARM_GCC_541\Debug\ReactionGame.a(ErikaOS_1_ee_irqendin.o)
                              .\CortexM3\ARM_GCC_541\Debug\main.o (EE_IRQ_end_post_stub)
.\CortexM3\ARM_GCC_541\Debug\ReactionGame.a(ErikaOS_1_ee_lookup.o)
                              .\CortexM3\ARM_GCC_541\Debug\ReactionGame.a(ErikaOS_1_ee_irqendin.o) (EE_oo_IRQ_disable_count)
.\CortexM3\ARM_GCC_541\Debug\ReactionGame.a(ErikaOS_1_ee_rq_exchg.o)
                              .\CortexM3\ARM_GCC_541\Debug\ReactionGame.a(ErikaOS_1_ee_activate.o) (EE_rq2stk_exchange)
.\CortexM3\ARM_GCC_541\Debug\ReactionGame.a(ErikaOS_1_ee_rq_first.o)
                              .\CortexM3\ARM_GCC_541\Debug\ReactionGame.a(ErikaOS_1_ee_activate.o) (EE_rq_queryfirst)
.\CortexM3\ARM_GCC_541\Debug\ReactionGame.a(ErikaOS_1_ee_rq_inser.o)
                              .\CortexM3\ARM_GCC_541\Debug\ReactionGame.a(ErikaOS_1_ee_activate.o) (EE_rq_insert)
.\CortexM3\ARM_GCC_541\Debug\ReactionGame.a(ErikaOS_1_ee_startos.o)
                              .\CortexM3\ARM_GCC_541\Debug\main.o (EE_oo_StartOS)
.\CortexM3\ARM_GCC_541\Debug\ReactionGame.a(ErikaOS_1_ee_terminat.o)
                              .\CortexM3\ARM_GCC_541\Debug\main.o (EE_oo_TerminateTask)
.\CortexM3\ARM_GCC_541\Debug\ReactionGame.a(ErikaOS_1_cortex_mx_ee_utils.o)
                              .\CortexM3\ARM_GCC_541\Debug\main.o (EE_system_init)
.\CortexM3\ARM_GCC_541\Debug\ReactionGame.a(ErikaOS_1_common_ee_hal_structs.o)
                              .\CortexM3\ARM_GCC_541\Debug\ReactionGame.a(ErikaOS_1_ee_irqendin.o) (EE_std_endcycle_next_tid)
.\CortexM3\ARM_GCC_541\Debug\ReactionGame.a(ErikaOS_1_eecfg.o)
                              .\CortexM3\ARM_GCC_541\Debug\ReactionGame.a(ErikaOS_1_ee_startos.o) (EE_oo_autostart_task_data)
.\CortexM3\ARM_GCC_541\Debug\ReactionGame.a(SEVEN_DP.o)
                              .\CortexM3\ARM_GCC_541\Debug\seven.o (SEVEN_DP_Write)
.\CortexM3\ARM_GCC_541\Debug\ReactionGame.a(SEVEN_SELECT.o)
                              .\CortexM3\ARM_GCC_541\Debug\seven.o (SEVEN_SELECT_Write)
.\CortexM3\ARM_GCC_541\Debug\ReactionGame.a(SEVEN_reg.o)
                              .\CortexM3\ARM_GCC_541\Debug\seven.o (SEVEN_reg_Write)
.\CortexM3\ARM_GCC_541\Debug\ReactionGame.a(BUTTON_1.o)
                              .\CortexM3\ARM_GCC_541\Debug\main.o (BUTTON_1_Read)
.\CortexM3\ARM_GCC_541\Debug\ReactionGame.a(isr_Button.o)
                              .\CortexM3\ARM_GCC_541\Debug\button.o (isr_Button_StartEx)
.\CortexM3\ARM_GCC_541\Debug\ReactionGame.a(BUTTON_2.o)
                              .\CortexM3\ARM_GCC_541\Debug\main.o (BUTTON_2_Read)
.\CortexM3\ARM_GCC_541\Debug\ReactionGame.a(BUTTON_3.o)
                              .\CortexM3\ARM_GCC_541\Debug\main.o (BUTTON_3_Read)
.\CortexM3\ARM_GCC_541\Debug\ReactionGame.a(BUTTON_4.o)
                              .\CortexM3\ARM_GCC_541\Debug\main.o (BUTTON_4_Read)
.\CortexM3\ARM_GCC_541\Debug\ReactionGame.a(LED_red.o)
                              .\CortexM3\ARM_GCC_541\Debug\led.o (LED_red_Write)
.\CortexM3\ARM_GCC_541\Debug\ReactionGame.a(LED_yellow.o)
                              .\CortexM3\ARM_GCC_541\Debug\led.o (LED_yellow_Write)
.\CortexM3\ARM_GCC_541\Debug\ReactionGame.a(LED_green.o)
                              .\CortexM3\ARM_GCC_541\Debug\led.o (LED_green_Write)
.\CortexM3\ARM_GCC_541\Debug\ReactionGame.a(UART_LOG.o)
                              .\CortexM3\ARM_GCC_541\Debug\main.o (UART_LOG_Start)
.\CortexM3\ARM_GCC_541\Debug\ReactionGame.a(RGB_PWM_red.o)
                              .\CortexM3\ARM_GCC_541\Debug\led.o (RGB_PWM_red_WriteCompare)
[...]
Memory Configuration

Name             Origin             Length             Attributes
rom              0x00000000         0x00040000         xr
ram              0x1fff8000         0x00010000         xrw
*default*        0x00000000         0xffffffff

Linker script and memory map

LOAD c:/program files (x86)/cypress/psoc creator/4.4/psoc creator/import/gnu/arm/5.4.1/bin/../lib/gcc/arm-none-eabi/5.4.1/armv7-m/crti.o
LOAD c:/program files (x86)/cypress/psoc creator/4.4/psoc creator/import/gnu/arm/5.4.1/bin/../lib/gcc/arm-none-eabi/5.4.1/armv7-m/crtbegin.o
LOAD c:/program files (x86)/cypress/psoc creator/4.4/psoc creator/import/gnu/arm/5.4.1/bin/../lib/gcc/arm-none-eabi/5.4.1/../../../../arm-none-eabi/lib/armv7-m/crt0.o
START GROUP
LOAD .\CortexM3\ARM_GCC_541\Debug\main.o
LOAD .\CortexM3\ARM_GCC_541\Debug\game.o
LOAD .\CortexM3\ARM_GCC_541\Debug\arcadian.o
LOAD .\CortexM3\ARM_GCC_541\Debug\trcStreamingPort.o
LOAD .\CortexM3\ARM_GCC_541\Debug\trcKernelPort.o
LOAD .\CortexM3\ARM_GCC_541\Debug\trcSnapshotRecorder.o
LOAD .\CortexM3\ARM_GCC_541\Debug\trcStreamingRecorder.o
LOAD .\CortexM3\ARM_GCC_541\Debug\button.o
LOAD .\CortexM3\ARM_GCC_541\Debug\joystick.o
LOAD .\CortexM3\ARM_GCC_541\Debug\led.o
LOAD .\CortexM3\ARM_GCC_541\Debug\seven.o
LOAD .\CortexM3\ARM_GCC_541\Debug\logging.o
LOAD .\CortexM3\ARM_GCC_541\Debug\tft.o
LOAD .\CortexM3\ARM_GCC_541\Debug\cyfitter_cfg.o
LOAD .\CortexM3\ARM_GCC_541\Debug\cymetadata.o
LOAD .\CortexM3\ARM_GCC_541\Debug\Cm3Start.o
LOAD .\CortexM3\ARM_GCC_541\Debug\ReactionGame.a
LOAD C:\Program Files (x86)\Cypress\PSoC Creator\4.4\PSoC Creator\psoc\content\cycomponentlibrary\CyComponentLibrary.cylib\CortexM3\ARM_GCC_541\Debug\CyComponentLibrary.a
END GROUP
START GROUP
LOAD c:/program files (x86)/cypress/psoc creator/4.4/psoc creator/import/gnu/arm/5.4.1/bin/../lib/gcc/arm-none-eabi/5.4.1/armv7-m\libgcc.a
LOAD c:/program files (x86)/cypress/psoc creator/4.4/psoc creator/import/gnu/arm/5.4.1/bin/../lib/gcc/arm-none-eabi/5.4.1/../../../../arm-none-eabi/lib/armv7-m\libg_nano.a
LOAD c:/program files (x86)/cypress/psoc creator/4.4/psoc creator/import/gnu/arm/5.4.1/bin/../lib/gcc/arm-none-eabi/5.4.1/../../../../arm-none-eabi/lib/armv7-m\libc_nano.a
END GROUP
START GROUP
LOAD c:/program files (x86)/cypress/psoc creator/4.4/psoc creator/import/gnu/arm/5.4.1/bin/../lib/gcc/arm-none-eabi/5.4.1/armv7-m\libgcc.a
LOAD c:/program files (x86)/cypress/psoc creator/4.4/psoc creator/import/gnu/arm/5.4.1/bin/../lib/gcc/arm-none-eabi/5.4.1/../../../../arm-none-eabi/lib/armv7-m\libc_nano.a
END GROUP
LOAD c:/program files (x86)/cypress/psoc creator/4.4/psoc creator/import/gnu/arm/5.4.1/bin/../lib/gcc/arm-none-eabi/5.4.1/armv7-m/crtend.o
LOAD c:/program files (x86)/cypress/psoc creator/4.4/psoc creator/import/gnu/arm/5.4.1/bin/../lib/gcc/arm-none-eabi/5.4.1/armv7-m/crtn.o
START GROUP
LOAD c:/program files (x86)/cypress/psoc creator/4.4/psoc creator/import/gnu/arm/5.4.1/bin/../lib/gcc/arm-none-eabi/5.4.1/armv7-m\libgcc.a
LOAD c:/program files (x86)/cypress/psoc creator/4.4/psoc creator/import/gnu/arm/5.4.1/bin/../lib/gcc/arm-none-eabi/5.4.1/../../../../arm-none-eabi/lib/armv7-m\libc.a
LOAD c:/program files (x86)/cypress/psoc creator/4.4/psoc creator/import/gnu/arm/5.4.1/bin/../lib/gcc/arm-none-eabi/5.4.1/../../../../arm-none-eabi/lib/armv7-m\libnosys.a
END GROUP
                0x00000000                CY_APPL_ORIGIN = 0x0
                0x00000100                CY_FLASH_ROW_SIZE = 0x100
                0x00000020                CY_ECC_ROW_SIZE = 0x20
                0x00000000                CY_EE_IN_BTLDR = 0x0
                0x00000000                CY_APPL_LOADABLE = 0x0
                0x00000800                CY_EE_SIZE = 0x800
                0x00000001                CY_APPL_NUM = 0x1
                0x00000001                CY_APPL_MAX = 0x1
                0x00000040                CY_METADATA_SIZE = 0x40
                0x00000000                CY_APPL_LOADABLE = 0x0
                0x00000000                CY_CHECKSUM_EXCLUDE_SIZE = ALIGN (0x0, CY_FLASH_ROW_SIZE)
                [!provide]                PROVIDE (__cy_heap_start, _end)
                0x00000001                PROVIDE (__cy_region_num, ((__cy_regions_end - __cy_regions) / 0x10))
                0x20008000                PROVIDE (__cy_stack, (ORIGIN (ram) + LENGTH (ram)))
                [!provide]                PROVIDE (__cy_heap_end, (__cy_stack - 0x800))

.cybootloader   0x00000000        0x0
 *(.cybootloader)
                0x00000000                appl1_start = CY_APPL_ORIGIN?CY_APPL_ORIGIN:ALIGN (CY_FLASH_ROW_SIZE)
                0x0001ff00                appl2_start = (appl1_start + ALIGN ((((LENGTH (rom) - appl1_start) - (0x2 * CY_FLASH_ROW_SIZE)) / 0x2), CY_FLASH_ROW_SIZE))
                0x00000000                appl_start = (CY_APPL_NUM == 0x1)?appl1_start:appl2_start
                0x00000000                ecc_offset = ((appl_start / CY_FLASH_ROW_SIZE) * CY_ECC_ROW_SIZE)
                0x00000000                ee_offset = (CY_APPL_LOADABLE && ! (CY_EE_IN_BTLDR))?((CY_EE_SIZE / CY_APPL_MAX) * (CY_APPL_NUM - 0x1)):0x0
                0x00000800                ee_size = (CY_APPL_LOADABLE && ! (CY_EE_IN_BTLDR))?(CY_EE_SIZE / CY_APPL_MAX):CY_EE_SIZE
                [!provide]                PROVIDE (CY_ECC_OFFSET, ecc_offset)

.text           0x00000000     0x5960
 CREATE_OBJECT_SYMBOLS
                0x00000000                PROVIDE (__cy_interrupt_vector, RomVectors)
 *(.romvectors)
 .romvectors    0x00000000       0x10 .\CortexM3\ARM_GCC_541\Debug\Cm3Start.o
                0x00000000                RomVectors
                0x00000001                ASSERT ((. != __cy_interrupt_vector), No interrupt vector)
                0x00000001                ASSERT (CY_APPL_ORIGIN?(SIZEOF (.cybootloader) <= CY_APPL_ORIGIN):0x1, Wrong image location)
                0x00000010                PROVIDE (__cy_reset, Reset)
 *(.text.Reset)
 .text.Reset    0x00000010       0x18 .\CortexM3\ARM_GCC_541\Debug\Cm3Start.o
                0x00000010                Reset
                0x00000001                ASSERT ((. != __cy_reset), No reset code)
 *(.dma_init)
                0x00000001                ASSERT ((((appl_start + .) <= 0x10000) || 0x1), DMA Init must be within the first 64k of flash)
 *(.text .text.* .gnu.linkonce.t.*)
 .text          0x00000028       0x5c c:/program files (x86)/cypress/psoc creator/4.4/psoc creator/import/gnu/arm/5.4.1/bin/../lib/gcc/arm-none-eabi/5.4.1/armv7-m/crtbegin.o
 .text.ISR2_systick_handler
                0x00000084        0xc .\CortexM3\ARM_GCC_541\Debug\main.o
                0x00000084                ISR2_systick_handler
 .text.systick_handler
                0x00000090       0x98 .\CortexM3\ARM_GCC_541\Debug\main.o
                0x00000090                systick_handler
 .text.main     0x00000128       0x28 .\CortexM3\ARM_GCC_541\Debug\main.o
                0x00000128                main
 .text.Functsk_init
                0x00000150       0x50 .\CortexM3\ARM_GCC_541\Debug\main.o
                0x00000150                Functsk_init
 .text.Functsk_background
                0x000001a0        0x4 .\CortexM3\ARM_GCC_541\Debug\main.o
                0x000001a0                Functsk_background
 .text.ISR2_isr_Button
                0x000001a4       0x24 .\CortexM3\ARM_GCC_541\Debug\main.o
                0x000001a4                ISR2_isr_Button
 .text.isr_Button
                0x000001c8       0x98 .\CortexM3\ARM_GCC_541\Debug\main.o
                0x000001c8                isr_Button
 .text.ISR2_isr_Reset
                0x00000260       0x24 .\CortexM3\ARM_GCC_541\Debug\main.o
                0x00000260                ISR2_isr_Reset
 .text.isr_Reset
                0x00000284       0x98 .\CortexM3\ARM_GCC_541\Debug\main.o
                0x00000284                isr_Reset
 .text.reactionSpeed
                0x0000031c       0x1c .\CortexM3\ARM_GCC_541\Debug\game.o
                0x0000031c                reactionSpeed
 .text.startGame
                0x00000338       0x30 .\CortexM3\ARM_GCC_541\Debug\game.o
                0x00000338                startGame
 .text.generateRandomDelayAndDisplay
                0x00000368       0x68 .\CortexM3\ARM_GCC_541\Debug\game.o
                0x00000368                generateRandomDelayAndDisplay
 .text.Functsk_button
                0x000003d0       0x3c .\CortexM3\ARM_GCC_541\Debug\game.o
                0x000003d0                Functsk_button
 .text.Functsk_timer
                0x0000040c       0x14 .\CortexM3\ARM_GCC_541\Debug\game.o
                0x0000040c                Functsk_timer
 .text.Functsk_event
                0x00000420      0x120 .\CortexM3\ARM_GCC_541\Debug\game.o
                0x00000420                Functsk_event
 .text.glower   0x00000540       0x40 .\CortexM3\ARM_GCC_541\Debug\arcadian.o
                0x00000540                glower
 .text.fader    0x00000580       0x94 .\CortexM3\ARM_GCC_541\Debug\arcadian.o
                0x00000580                fader
 .text.Functsk_arcadian
                0x00000614       0x10 .\CortexM3\ARM_GCC_541\Debug\arcadian.o
                0x00000614                Functsk_arcadian
 .text.prvTraceGetCurrentTaskId
                0x00000624       0x14 .\CortexM3\ARM_GCC_541\Debug\trcKernelPort.o
                0x00000624                prvTraceGetCurrentTaskId
 .text.prvGetTimestamp32
                0x00000638        0xc .\CortexM3\ARM_GCC_541\Debug\trcStreamingRecorder.o
 .text.prvAllocateBufferPage
                0x00000644       0x44 .\CortexM3\ARM_GCC_541\Debug\trcStreamingRecorder.o
 .text.xTraceGetLastError
                0x00000688       0xd8 .\CortexM3\ARM_GCC_541\Debug\trcStreamingRecorder.o
                0x00000688                xTraceGetLastError
 .text.prvTraceSaveSymbol
                0x00000760       0x8c .\CortexM3\ARM_GCC_541\Debug\trcStreamingRecorder.o
                0x00000760                prvTraceSaveSymbol
 .text.prvTraceSaveObjectData
                0x000007ec       0x6c .\CortexM3\ARM_GCC_541\Debug\trcStreamingRecorder.o
                0x000007ec                prvTraceSaveObjectData
 .text.prvPagedEventBufferGetWritePointer
                0x00000858       0xb0 .\CortexM3\ARM_GCC_541\Debug\trcStreamingRecorder.o
                0x00000858                prvPagedEventBufferGetWritePointer
 .text.prvTraceStoreHeader
                0x00000908       0x48 .\CortexM3\ARM_GCC_541\Debug\trcStreamingRecorder.o
 .text.prvTraceStoreSymbolTable
                0x00000950       0x50 .\CortexM3\ARM_GCC_541\Debug\trcStreamingRecorder.o
 .text.prvTraceStoreObjectDataTable
                0x000009a0       0x50 .\CortexM3\ARM_GCC_541\Debug\trcStreamingRecorder.o
 .text.prvTraceStoreSimpleStringEventHelper
                0x000009f0       0xcc .\CortexM3\ARM_GCC_541\Debug\trcStreamingRecorder.o
                0x000009f0                prvTraceStoreSimpleStringEventHelper
 .text.vTracePrint
                0x00000abc        0x8 .\CortexM3\ARM_GCC_541\Debug\trcStreamingRecorder.o
                0x00000abc                vTracePrint
 .text.prvTraceStoreWarnings
                0x00000ac4       0x24 .\CortexM3\ARM_GCC_541\Debug\trcStreamingRecorder.o
 .text.prvPagedEventBufferInit
                0x00000ae8       0x48 .\CortexM3\ARM_GCC_541\Debug\trcStreamingRecorder.o
                0x00000ae8                prvPagedEventBufferInit
 .text.prvSetRecorderEnabled
                0x00000b30       0x80 .\CortexM3\ARM_GCC_541\Debug\trcStreamingRecorder.o
 .text.prvTraceError
                0x00000bb0       0x30 .\CortexM3\ARM_GCC_541\Debug\trcStreamingRecorder.o
                0x00000bb0                prvTraceError
 .text.prvTraceStoreStringEventHelper
                0x00000be0       0xe8 .\CortexM3\ARM_GCC_541\Debug\trcStreamingRecorder.o
 .text.vTracePrintF
                0x00000cc8       0x68 .\CortexM3\ARM_GCC_541\Debug\trcStreamingRecorder.o
                0x00000cc8                vTracePrintF
 .text.prvTraceStoreStringEvent
                0x00000d30       0x34 .\CortexM3\ARM_GCC_541\Debug\trcStreamingRecorder.o
                0x00000d30                prvTraceStoreStringEvent
 .text.prvTraceStoreEvent1
                0x00000d64       0x5c .\CortexM3\ARM_GCC_541\Debug\trcStreamingRecorder.o
                0x00000d64                prvTraceStoreEvent1
 .text.prvTraceStoreEvent2
                0x00000dc0       0x6c .\CortexM3\ARM_GCC_541\Debug\trcStreamingRecorder.o
                0x00000dc0                prvTraceStoreEvent2
 .text.prvTraceStoreEvent3
                0x00000e2c       0x70 .\CortexM3\ARM_GCC_541\Debug\trcStreamingRecorder.o
                0x00000e2c                prvTraceStoreEvent3
 .text.prvTraceStoreEvent
                0x00000e9c       0x88 .\CortexM3\ARM_GCC_541\Debug\trcStreamingRecorder.o
                0x00000e9c                prvTraceStoreEvent
 .text.prvTraceStoreTSConfig
                0x00000f24       0x38 .\CortexM3\ARM_GCC_541\Debug\trcStreamingRecorder.o
 .text.LED_Set  0x00000f5c       0x60 .\CortexM3\ARM_GCC_541\Debug\led.o
                0x00000f5c                LED_Set
 .text.LED_Init
                0x00000fbc       0x40 .\CortexM3\ARM_GCC_541\Debug\led.o
                0x00000fbc                LED_Init
 .text.LED_RGB_Set
                0x00000ffc       0x28 .\CortexM3\ARM_GCC_541\Debug\led.o
                0x00000ffc                LED_RGB_Set
 .text.SEVEN_Set
                0x00001024       0x34 .\CortexM3\ARM_GCC_541\Debug\seven.o
                0x00001024                SEVEN_Set
 .text.SEVEN_Ret
                0x00001058        0xc .\CortexM3\ARM_GCC_541\Debug\seven.o
                0x00001058                SEVEN_Ret
 .text.SEVEN_Clear
                0x00001064       0x1c .\CortexM3\ARM_GCC_541\Debug\seven.o
                0x00001064                SEVEN_Clear
 .text.SEVEN_Init
                0x00001080       0x14 .\CortexM3\ARM_GCC_541\Debug\seven.o
                0x00001080                SEVEN_Init
 .text.CyClockStartupError
                0x00001094        0x4 .\CortexM3\ARM_GCC_541\Debug\cyfitter_cfg.o
 .text.cfg_write_bytes32
                0x00001098       0x34 .\CortexM3\ARM_GCC_541\Debug\cyfitter_cfg.o
 .text.ClockSetup
                0x000010cc       0xec .\CortexM3\ARM_GCC_541\Debug\cyfitter_cfg.o
 .text.CYMEMZERO
                0x000011b8        0xc .\CortexM3\ARM_GCC_541\Debug\cyfitter_cfg.o
 .text.AnalogSetDefault
                0x000011c4       0x7c .\CortexM3\ARM_GCC_541\Debug\cyfitter_cfg.o
 .text.CYCONFIGCPY
                0x00001240        0x8 .\CortexM3\ARM_GCC_541\Debug\cyfitter_cfg.o
 .text.cyfitter_cfg
                0x00001248      0x148 .\CortexM3\ARM_GCC_541\Debug\cyfitter_cfg.o
                0x00001248                cyfitter_cfg
 .text.IntDefaultHandler
                0x00001390       0x10 .\CortexM3\ARM_GCC_541\Debug\Cm3Start.o
                0x00001390                IntDefaultHandler
 .text._sbrk    0x000013a0       0x30 .\CortexM3\ARM_GCC_541\Debug\Cm3Start.o
                0x000013a0                _sbrk
 .text.Start_c  0x000013d0       0x4c .\CortexM3\ARM_GCC_541\Debug\Cm3Start.o
                0x000013d0                Start_c
 .text.initialize_psoc
                0x0000141c       0x6c .\CortexM3\ARM_GCC_541\Debug\Cm3Start.o
                0x0000141c                initialize_psoc
 .text.EE_oo_ActivateTask
                0x00001488       0xe8 .\CortexM3\ARM_GCC_541\Debug\ReactionGame.a(ErikaOS_1_ee_activate.o)
                0x00001488                EE_oo_ActivateTask
 .text.EE_oo_SetRelAlarm
                0x00001570       0x94 .\CortexM3\ARM_GCC_541\Debug\ReactionGame.a(ErikaOS_1_ee_alsetrel.o)
                0x00001570                EE_oo_SetRelAlarm
 .text.EE_oo_handle_action_callback
                0x00001604        0xc .\CortexM3\ARM_GCC_541\Debug\ReactionGame.a(ErikaOS_1_ee_altick.o)
 .text.EE_oo_handle_action_task
                0x00001610       0x4c .\CortexM3\ARM_GCC_541\Debug\ReactionGame.a(ErikaOS_1_ee_altick.o)
 .text.EE_oo_handle_action_event
                0x0000165c       0x60 .\CortexM3\ARM_GCC_541\Debug\ReactionGame.a(ErikaOS_1_ee_altick.o)
 .text.EE_oo_handle_action
                0x000016bc       0x28 .\CortexM3\ARM_GCC_541\Debug\ReactionGame.a(ErikaOS_1_ee_altick.o)
 .text.EE_oo_counter_object_insert
                0x000016e4       0x9c .\CortexM3\ARM_GCC_541\Debug\ReactionGame.a(ErikaOS_1_ee_altick.o)
                0x000016e4                EE_oo_counter_object_insert
 .text.EE_oo_IncrementCounterImplementation
                0x00001780      0x120 .\CortexM3\ARM_GCC_541\Debug\ReactionGame.a(ErikaOS_1_ee_altick.o)
                0x00001780                EE_oo_IncrementCounterImplementation
 .text.EE_oo_IncrementCounter
                0x000018a0       0xb0 .\CortexM3\ARM_GCC_541\Debug\ReactionGame.a(ErikaOS_1_ee_altick.o)
                0x000018a0                EE_oo_IncrementCounter
 .text.EE_oo_ClearEvent
                0x00001950       0x60 .\CortexM3\ARM_GCC_541\Debug\ReactionGame.a(ErikaOS_1_ee_evclear.o)
                0x00001950                EE_oo_ClearEvent
 .text.EE_oo_GetEvent
                0x000019b0       0x50 .\CortexM3\ARM_GCC_541\Debug\ReactionGame.a(ErikaOS_1_ee_evget.o)
                0x000019b0                EE_oo_GetEvent
 .text.EE_oo_SetEvent
                0x00001a00      0x124 .\CortexM3\ARM_GCC_541\Debug\ReactionGame.a(ErikaOS_1_ee_evset.o)
                0x00001a00                EE_oo_SetEvent
 .text.EE_oo_WaitEvent
                0x00001b24      0x12c .\CortexM3\ARM_GCC_541\Debug\ReactionGame.a(ErikaOS_1_ee_evwait.o)
                0x00001b24                EE_oo_WaitEvent
 .text.EE_oo_GetTaskID
                0x00001c50       0x14 .\CortexM3\ARM_GCC_541\Debug\ReactionGame.a(ErikaOS_1_ee_gettaskid.o)
                0x00001c50                EE_oo_GetTaskID
 .text.EE_IRQ_run_next_task
                0x00001c64       0x54 .\CortexM3\ARM_GCC_541\Debug\ReactionGame.a(ErikaOS_1_ee_irqendin.o)
 .text.EE_IRQ_end_instance
                0x00001cb8       0x68 .\CortexM3\ARM_GCC_541\Debug\ReactionGame.a(ErikaOS_1_ee_irqendin.o)
                0x00001cb8                EE_IRQ_end_instance
 .text.EE_IRQ_end_post_stub
                0x00001d20       0x14 .\CortexM3\ARM_GCC_541\Debug\ReactionGame.a(ErikaOS_1_ee_irqendin.o)
                0x00001d20                EE_IRQ_end_post_stub
 .text.EE_rq2stk_exchange
                0x00001d34       0x88 .\CortexM3\ARM_GCC_541\Debug\ReactionGame.a(ErikaOS_1_ee_rq_exchg.o)
                0x00001d34                EE_rq2stk_exchange
 .text.EE_rq_queryfirst
                0x00001dbc       0x44 .\CortexM3\ARM_GCC_541\Debug\ReactionGame.a(ErikaOS_1_ee_rq_first.o)
                0x00001dbc                EE_rq_queryfirst
 .text.EE_rq_insert
                0x00001e00       0x74 .\CortexM3\ARM_GCC_541\Debug\ReactionGame.a(ErikaOS_1_ee_rq_inser.o)
                0x00001e00                EE_rq_insert
 .text.compute_task_tid
                0x00001e74       0x10 .\CortexM3\ARM_GCC_541\Debug\ReactionGame.a(ErikaOS_1_ee_startos.o)
 .text.EE_oo_start_os
                0x00001e84        0xc .\CortexM3\ARM_GCC_541\Debug\ReactionGame.a(ErikaOS_1_ee_startos.o)
 .text.EE_oo_creatTaskInfo
                0x00001e90       0x88 .\CortexM3\ARM_GCC_541\Debug\ReactionGame.a(ErikaOS_1_ee_startos.o)
 .text.EE_oo_autostart_tasks
                0x00001f18       0x60 .\CortexM3\ARM_GCC_541\Debug\ReactionGame.a(ErikaOS_1_ee_startos.o)
 .text.EE_oo_autostart_os
                0x00001f78        0xc .\CortexM3\ARM_GCC_541\Debug\ReactionGame.a(ErikaOS_1_ee_startos.o)
 .text.EE_oo_StartOS
                0x00001f84       0x90 .\CortexM3\ARM_GCC_541\Debug\ReactionGame.a(ErikaOS_1_ee_startos.o)
                0x00001f84                EE_oo_StartOS
 .text.EE_oo_TerminateTask
                0x00002014       0x3c .\CortexM3\ARM_GCC_541\Debug\ReactionGame.a(ErikaOS_1_ee_terminat.o)
                0x00002014                EE_oo_TerminateTask
 .text.EE_system_init
                0x00002050       0x60 .\CortexM3\ARM_GCC_541\Debug\ReactionGame.a(ErikaOS_1_cortex_mx_ee_utils.o)
                0x00002050                EE_system_init
 .text.SEVEN_SELECT_Write
                0x000020b0       0x18 .\CortexM3\ARM_GCC_541\Debug\ReactionGame.a(SEVEN_SELECT.o)
                0x000020b0                SEVEN_SELECT_Write
 .text.SEVEN_reg_Write
                0x000020c8        0xc .\CortexM3\ARM_GCC_541\Debug\ReactionGame.a(SEVEN_reg.o)
                0x000020c8                SEVEN_reg_Write
 .text.BUTTON_1_Read
                0x000020d4       0x10 .\CortexM3\ARM_GCC_541\Debug\ReactionGame.a(BUTTON_1.o)
                0x000020d4                BUTTON_1_Read
 .text.BUTTON_2_Read
                0x000020e4       0x10 .\CortexM3\ARM_GCC_541\Debug\ReactionGame.a(BUTTON_2.o)
                0x000020e4                BUTTON_2_Read
 .text.BUTTON_3_Read
                0x000020f4       0x10 .\CortexM3\ARM_GCC_541\Debug\ReactionGame.a(BUTTON_3.o)
                0x000020f4                BUTTON_3_Read
 .text.BUTTON_4_Read
                0x00002104       0x10 .\CortexM3\ARM_GCC_541\Debug\ReactionGame.a(BUTTON_4.o)
                0x00002104                BUTTON_4_Read
 .text.LED_red_Write
                0x00002114       0x18 .\CortexM3\ARM_GCC_541\Debug\ReactionGame.a(LED_red.o)
                0x00002114                LED_red_Write
 .text.LED_yellow_Write
                0x0000212c       0x18 .\CortexM3\ARM_GCC_541\Debug\ReactionGame.a(LED_yellow.o)
                0x0000212c                LED_yellow_Write
 .text.LED_green_Write
                0x00002144       0x18 .\CortexM3\ARM_GCC_541\Debug\ReactionGame.a(LED_green.o)
                0x00002144                LED_green_Write
 .text.UART_LOG_Init
                0x0000215c       0x24 .\CortexM3\ARM_GCC_541\Debug\ReactionGame.a(UART_LOG.o)
                0x0000215c                UART_LOG_Init
 .text.UART_LOG_Enable
                0x00002180       0x38 .\CortexM3\ARM_GCC_541\Debug\ReactionGame.a(UART_LOG.o)
                0x00002180                UART_LOG_Enable
 .text.UART_LOG_Start
                0x000021b8       0x1c .\CortexM3\ARM_GCC_541\Debug\ReactionGame.a(UART_LOG.o)
                0x000021b8                UART_LOG_Start
 .text.UART_LOG_PutChar
                0x000021d4       0x18 .\CortexM3\ARM_GCC_541\Debug\ReactionGame.a(UART_LOG.o)
                0x000021d4                UART_LOG_PutChar
 .text.UART_LOG_PutString
                0x000021ec       0x24 .\CortexM3\ARM_GCC_541\Debug\ReactionGame.a(UART_LOG.o)
                0x000021ec                UART_LOG_PutString
 .text.RGB_PWM_red_Enable
                0x00002210       0x10 .\CortexM3\ARM_GCC_541\Debug\ReactionGame.a(RGB_PWM_red.o)
                0x00002210                RGB_PWM_red_Enable
 .text.RGB_PWM_red_WriteCounter
                0x00002220        0xc .\CortexM3\ARM_GCC_541\Debug\ReactionGame.a(RGB_PWM_red.o)
                0x00002220                RGB_PWM_red_WriteCounter
 .text.RGB_PWM_red_WritePeriod
                0x0000222c        0xc .\CortexM3\ARM_GCC_541\Debug\ReactionGame.a(RGB_PWM_red.o)
                0x0000222c                RGB_PWM_red_WritePeriod
 .text.RGB_PWM_red_WriteCompare
                0x00002238        0xc .\CortexM3\ARM_GCC_541\Debug\ReactionGame.a(RGB_PWM_red.o)
                0x00002238                RGB_PWM_red_WriteCompare
 .text.RGB_PWM_red_Init
                0x00002244       0x40 .\CortexM3\ARM_GCC_541\Debug\ReactionGame.a(RGB_PWM_red.o)
                0x00002244                RGB_PWM_red_Init
 .text.RGB_PWM_red_Start
                0x00002284       0x1c .\CortexM3\ARM_GCC_541\Debug\ReactionGame.a(RGB_PWM_red.o)
                0x00002284                RGB_PWM_red_Start
 .text.RGB_PWM_green_Enable
                0x000022a0       0x10 .\CortexM3\ARM_GCC_541\Debug\ReactionGame.a(RGB_PWM_green.o)
                0x000022a0                RGB_PWM_green_Enable
 .text.RGB_PWM_green_WriteCounter
                0x000022b0        0xc .\CortexM3\ARM_GCC_541\Debug\ReactionGame.a(RGB_PWM_green.o)
                0x000022b0                RGB_PWM_green_WriteCounter
 .text.RGB_PWM_green_WritePeriod
                0x000022bc        0xc .\CortexM3\ARM_GCC_541\Debug\ReactionGame.a(RGB_PWM_green.o)
                0x000022bc                RGB_PWM_green_WritePeriod
 .text.RGB_PWM_green_WriteCompare
                0x000022c8        0xc .\CortexM3\ARM_GCC_541\Debug\ReactionGame.a(RGB_PWM_green.o)
                0x000022c8                RGB_PWM_green_WriteCompare
 .text.RGB_PWM_green_Init
                0x000022d4       0x40 .\CortexM3\ARM_GCC_541\Debug\ReactionGame.a(RGB_PWM_green.o)
                0x000022d4                RGB_PWM_green_Init
 .text.RGB_PWM_green_Start
                0x00002314       0x1c .\CortexM3\ARM_GCC_541\Debug\ReactionGame.a(RGB_PWM_green.o)
                0x00002314                RGB_PWM_green_Start
 .text.RGB_PWM_blue_Enable
                0x00002330       0x10 .\CortexM3\ARM_GCC_541\Debug\ReactionGame.a(RGB_PWM_blue.o)
                0x00002330                RGB_PWM_blue_Enable
 .text.RGB_PWM_blue_WriteCounter
                0x00002340        0xc .\CortexM3\ARM_GCC_541\Debug\ReactionGame.a(RGB_PWM_blue.o)
                0x00002340                RGB_PWM_blue_WriteCounter
 .text.RGB_PWM_blue_WritePeriod
                0x0000234c        0xc .\CortexM3\ARM_GCC_541\Debug\ReactionGame.a(RGB_PWM_blue.o)
                0x0000234c                RGB_PWM_blue_WritePeriod
 .text.RGB_PWM_blue_WriteCompare
                0x00002358        0xc .\CortexM3\ARM_GCC_541\Debug\ReactionGame.a(RGB_PWM_blue.o)
                0x00002358                RGB_PWM_blue_WriteCompare
 .text.RGB_PWM_blue_Init
                0x00002364       0x40 .\CortexM3\ARM_GCC_541\Debug\ReactionGame.a(RGB_PWM_blue.o)
                0x00002364                RGB_PWM_blue_Init
 .text.RGB_PWM_blue_Start
                0x000023a4       0x1c .\CortexM3\ARM_GCC_541\Debug\ReactionGame.a(RGB_PWM_blue.o)
                0x000023a4                RGB_PWM_blue_Start
 .text.UART_LOG_IntClock_Start
                0x000023c0       0x1c .\CortexM3\ARM_GCC_541\Debug\ReactionGame.a(UART_LOG_IntClock.o)
                0x000023c0                UART_LOG_IntClock_Start
 .text.CyDmacConfigure
                0x000023dc       0x34 .\CortexM3\ARM_GCC_541\Debug\ReactionGame.a(CyDmac.o)
                0x000023dc                CyDmacConfigure
 .text.CyHalt   0x00002410        0x4 .\CortexM3\ARM_GCC_541\Debug\ReactionGame.a(CyLib.o)
                0x00002410                CyHalt
 .text.CyDelay  0x00002414       0x2c .\CortexM3\ARM_GCC_541\Debug\ReactionGame.a(CyLib.o)
                0x00002414                CyDelay
 .text.CyDelayUs
                0x00002440       0x14 .\CortexM3\ARM_GCC_541\Debug\ReactionGame.a(CyLib.o)
                0x00002440                CyDelayUs
 .text.CyIntSetPriority
                0x00002454       0x30 .\CortexM3\ARM_GCC_541\Debug\ReactionGame.a(CyLib.o)
                0x00002454                CyIntSetPriority
 .text.PWM_Red_Enable
                0x00002484       0x10 .\CortexM3\ARM_GCC_541\Debug\ReactionGame.a(PWM_Red.o)
                0x00002484                PWM_Red_Enable
 .text.PWM_Red_WriteCounter
                0x00002494        0xc .\CortexM3\ARM_GCC_541\Debug\ReactionGame.a(PWM_Red.o)
                0x00002494                PWM_Red_WriteCounter
 .text.PWM_Red_WritePeriod
                0x000024a0        0xc .\CortexM3\ARM_GCC_541\Debug\ReactionGame.a(PWM_Red.o)
                0x000024a0                PWM_Red_WritePeriod
 .text.PWM_Red_WriteCompare
                0x000024ac        0xc .\CortexM3\ARM_GCC_541\Debug\ReactionGame.a(PWM_Red.o)
                0x000024ac                PWM_Red_WriteCompare
 .text.PWM_Red_Init
                0x000024b8       0x34 .\CortexM3\ARM_GCC_541\Debug\ReactionGame.a(PWM_Red.o)
                0x000024b8                PWM_Red_Init
 .text.PWM_Red_Start
                0x000024ec       0x1c .\CortexM3\ARM_GCC_541\Debug\ReactionGame.a(PWM_Red.o)
                0x000024ec                PWM_Red_Start
 .text.PWM_Red_ReadCompare
                0x00002508        0xc .\CortexM3\ARM_GCC_541\Debug\ReactionGame.a(PWM_Red.o)
                0x00002508                PWM_Red_ReadCompare
 .text.PWM_Yellow_Enable
                0x00002514       0x10 .\CortexM3\ARM_GCC_541\Debug\ReactionGame.a(PWM_Yellow.o)
                0x00002514                PWM_Yellow_Enable
 .text.PWM_Yellow_WriteCounter
                0x00002524        0xc .\CortexM3\ARM_GCC_541\Debug\ReactionGame.a(PWM_Yellow.o)
                0x00002524                PWM_Yellow_WriteCounter
 .text.PWM_Yellow_WritePeriod
                0x00002530        0xc .\CortexM3\ARM_GCC_541\Debug\ReactionGame.a(PWM_Yellow.o)
                0x00002530                PWM_Yellow_WritePeriod
 .text.PWM_Yellow_WriteCompare
                0x0000253c        0xc .\CortexM3\ARM_GCC_541\Debug\ReactionGame.a(PWM_Yellow.o)
                0x0000253c                PWM_Yellow_WriteCompare
 .text.PWM_Yellow_Init
                0x00002548       0x34 .\CortexM3\ARM_GCC_541\Debug\ReactionGame.a(PWM_Yellow.o)
                0x00002548                PWM_Yellow_Init
 .text.PWM_Yellow_Start
                0x0000257c       0x1c .\CortexM3\ARM_GCC_541\Debug\ReactionGame.a(PWM_Yellow.o)
                0x0000257c                PWM_Yellow_Start
 .text.PWM_Yellow_ReadCompare
                0x00002598        0xc .\CortexM3\ARM_GCC_541\Debug\ReactionGame.a(PWM_Yellow.o)
                0x00002598                PWM_Yellow_ReadCompare
 .text.PWM_Green_Enable
                0x000025a4       0x10 .\CortexM3\ARM_GCC_541\Debug\ReactionGame.a(PWM_Green.o)
                0x000025a4                PWM_Green_Enable
 .text.PWM_Green_WriteCounter
                0x000025b4        0xc .\CortexM3\ARM_GCC_541\Debug\ReactionGame.a(PWM_Green.o)
                0x000025b4                PWM_Green_WriteCounter
 .text.PWM_Green_WritePeriod
                0x000025c0        0xc .\CortexM3\ARM_GCC_541\Debug\ReactionGame.a(PWM_Green.o)
                0x000025c0                PWM_Green_WritePeriod
 .text.PWM_Green_WriteCompare
                0x000025cc        0xc .\CortexM3\ARM_GCC_541\Debug\ReactionGame.a(PWM_Green.o)
                0x000025cc                PWM_Green_WriteCompare
 .text.PWM_Green_Init
                0x000025d8       0x34 .\CortexM3\ARM_GCC_541\Debug\ReactionGame.a(PWM_Green.o)
                0x000025d8                PWM_Green_Init
 .text.PWM_Green_Start
                0x0000260c       0x1c .\CortexM3\ARM_GCC_541\Debug\ReactionGame.a(PWM_Green.o)
                0x0000260c                PWM_Green_Start
 .text.PWM_Green_ReadCompare
                0x00002628        0xc .\CortexM3\ARM_GCC_541\Debug\ReactionGame.a(PWM_Green.o)
                0x00002628                PWM_Green_ReadCompare
 .text          0x00002634       0x7c .\CortexM3\ARM_GCC_541\Debug\ReactionGame.a(ErikaOS_1_ee_gnu_change_context_isr.o)
                0x00002634                EE_set_switch_context_pri
                0x0000264e                EE_switch_context
                0x00002658                EE_cortex_mx_pendsv_ISR
                0x00002694                EE_cortex_mx_svc_ISR
 .text          0x000026b0       0x24 .\CortexM3\ARM_GCC_541\Debug\ReactionGame.a(ErikaOS_1_ee_gnu_irq_stack.o)
                0x000026b0                EE_cortex_mx_change_IRQ_stack
                0x000026c2                EE_cortex_mx_change_IRQ_stack_back
 .text          0x000026d4       0x68 .\CortexM3\ARM_GCC_541\Debug\ReactionGame.a(ErikaOS_1_ee_gnu_multi_context.o)
                0x000026d4                EE_cortex_mx_change_context
 .text          0x0000273c       0x80 .\CortexM3\ARM_GCC_541\Debug\ReactionGame.a(ErikaOS_1_ee_gnu_oo.o)
                0x0000273c                EE_hal_terminate_savestk
                0x00002786                EE_hal_terminate_task
 *fill*         0x000027bc        0x4 
 .text          0x000027c0       0x20 .\CortexM3\ARM_GCC_541\Debug\ReactionGame.a(CyBootAsmGnu.o)
                0x000027c0                CyDelayCycles
                0x000027d0                CyEnterCriticalSection
                0x000027d8                CyExitCriticalSection
 .text.EE_thread_not_terminated
                0x000027e0       0x10 .\CortexM3\ARM_GCC_541\Debug\ReactionGame.a(ErikaOS_1_ee_tnterm.o)
                0x000027e0                EE_thread_not_terminated
 .text.EE_oo_thread_stub
                0x000027f0       0x30 .\CortexM3\ARM_GCC_541\Debug\ReactionGame.a(ErikaOS_1_ee_tstub.o)
                0x000027f0                EE_oo_thread_stub
 .text.EE_std_run_task_code
                0x00002820       0x18 .\CortexM3\ARM_GCC_541\Debug\ReactionGame.a(ErikaOS_1_cortex_mx_ee_context.o)
                0x00002820                EE_std_run_task_code
 .text.EE_std_need_context_change
                0x00002838       0x28 .\CortexM3\ARM_GCC_541\Debug\ReactionGame.a(ErikaOS_1_cortex_mx_ee_context.o)
                0x00002838                EE_std_need_context_change
 .text.EE_thread_rnact_max
                0x00002860       0x20 .\CortexM3\ARM_GCC_541\Debug\ReactionGame.a(ErikaOS_1_ee_thendin.o)
 .text.EE_thread_endcycle_next
                0x00002880       0x54 .\CortexM3\ARM_GCC_541\Debug\ReactionGame.a(ErikaOS_1_ee_thendin.o)
 .text.EE_thread_end_instance
                0x000028d4      0x140 .\CortexM3\ARM_GCC_541\Debug\ReactionGame.a(ErikaOS_1_ee_thendin.o)
                0x000028d4                EE_thread_end_instance
 .text          0x00002a14      0x370 c:/program files (x86)/cypress/psoc creator/4.4/psoc creator/import/gnu/arm/5.4.1/bin/../lib/gcc/arm-none-eabi/5.4.1/armv7-m\libgcc.a(_arm_addsubdf3.o)
                0x00002a14                __aeabi_drsub
                0x00002a1c                __aeabi_dsub
                0x00002a1c                __subdf3
                0x00002a20                __aeabi_dadd
                0x00002a20                __adddf3
                0x00002c98                __floatunsidf
                0x00002c98                __aeabi_ui2d
                0x00002cb8                __floatsidf
                0x00002cb8                __aeabi_i2d
                0x00002cdc                __aeabi_f2d
                0x00002cdc                __extendsfdf2
                0x00002d18                __floatundidf
                0x00002d18                __aeabi_ul2d
                0x00002d28                __floatdidf
                0x00002d28                __aeabi_l2d
 .text          0x00002d84      0x21c c:/program files (x86)/cypress/psoc creator/4.4/psoc creator/import/gnu/arm/5.4.1/bin/../lib/gcc/arm-none-eabi/5.4.1/armv7-m\libgcc.a(_arm_addsubsf3.o)
                0x00002d84                __aeabi_frsub
                0x00002d8c                __subsf3
                0x00002d8c                __aeabi_fsub
                0x00002d90                __aeabi_fadd
                0x00002d90                __addsf3
                0x00002ef0                __aeabi_ui2f
                0x00002ef0                __floatunsisf
                0x00002ef8                __aeabi_i2f
                0x00002ef8                __floatsisf
                0x00002f14                __aeabi_ul2f
                0x00002f14                __floatundisf
                0x00002f24                __aeabi_l2f
                0x00002f24                __floatdisf
 .text          0x00002fa0      0x2a0 c:/program files (x86)/cypress/psoc creator/4.4/psoc creator/import/gnu/arm/5.4.1/bin/../lib/gcc/arm-none-eabi/5.4.1/armv7-m\libgcc.a(_arm_muldivsf3.o)
                0x00002fa0                __mulsf3
                0x00002fa0                __aeabi_fmul
                0x00003108                __aeabi_fdiv
                0x00003108                __divsf3
 .text.__errno  0x00003240        0xc c:/program files (x86)/cypress/psoc creator/4.4/psoc creator/import/gnu/arm/5.4.1/bin/../lib/gcc/arm-none-eabi/5.4.1/../../../../arm-none-eabi/lib/armv7-m\libg_nano.a(lib_a-errno.o)
                0x00003240                __errno
 .text.__libc_init_array
                0x0000324c       0x4c c:/program files (x86)/cypress/psoc creator/4.4/psoc creator/import/gnu/arm/5.4.1/bin/../lib/gcc/arm-none-eabi/5.4.1/../../../../arm-none-eabi/lib/armv7-m\libg_nano.a(lib_a-init.o)
                0x0000324c                __libc_init_array
 .text.memcpy   0x00003298       0x16 c:/program files (x86)/cypress/psoc creator/4.4/psoc creator/import/gnu/arm/5.4.1/bin/../lib/gcc/arm-none-eabi/5.4.1/../../../../arm-none-eabi/lib/armv7-m\libg_nano.a(lib_a-memcpy-stub.o)
                0x00003298                memcpy
 .text.memset   0x000032ae       0x10 c:/program files (x86)/cypress/psoc creator/4.4/psoc creator/import/gnu/arm/5.4.1/bin/../lib/gcc/arm-none-eabi/5.4.1/../../../../arm-none-eabi/lib/armv7-m\libg_nano.a(lib_a-memset.o)
                0x000032ae                memset
 .text.__cvt    0x000032be       0xc0 c:/program files (x86)/cypress/psoc creator/4.4/psoc creator/import/gnu/arm/5.4.1/bin/../lib/gcc/arm-none-eabi/5.4.1/../../../../arm-none-eabi/lib/armv7-m\libg_nano.a(lib_a-nano-vfprintf_float.o)
                0x000032be                __cvt
 .text.__exponent
                0x0000337e       0x62 c:/program files (x86)/cypress/psoc creator/4.4/psoc creator/import/gnu/arm/5.4.1/bin/../lib/gcc/arm-none-eabi/5.4.1/../../../../arm-none-eabi/lib/armv7-m\libg_nano.a(lib_a-nano-vfprintf_float.o)
                0x0000337e                __exponent
 .text._printf_float
                0x000033e0      0x488 c:/program files (x86)/cypress/psoc creator/4.4/psoc creator/import/gnu/arm/5.4.1/bin/../lib/gcc/arm-none-eabi/5.4.1/../../../../arm-none-eabi/lib/armv7-m\libg_nano.a(lib_a-nano-vfprintf_float.o)
                0x000033e0                _printf_float
 .text._printf_common
                0x00003868       0xec c:/program files (x86)/cypress/psoc creator/4.4/psoc creator/import/gnu/arm/5.4.1/bin/../lib/gcc/arm-none-eabi/5.4.1/../../../../arm-none-eabi/lib/armv7-m\libg_nano.a(lib_a-nano-vfprintf_i.o)
                0x00003868                _printf_common
 .text._printf_i
                0x00003954      0x24c c:/program files (x86)/cypress/psoc creator/4.4/psoc creator/import/gnu/arm/5.4.1/bin/../lib/gcc/arm-none-eabi/5.4.1/../../../../arm-none-eabi/lib/armv7-m\libg_nano.a(lib_a-nano-vfprintf_i.o)
                0x00003954                _printf_i
 .text.srand    0x00003ba0       0x50 c:/program files (x86)/cypress/psoc creator/4.4/psoc creator/import/gnu/arm/5.4.1/bin/../lib/gcc/arm-none-eabi/5.4.1/../../../../arm-none-eabi/lib/armv7-m\libg_nano.a(lib_a-rand.o)
                0x00003ba0                srand
 .text.rand     0x00003bf0       0x74 c:/program files (x86)/cypress/psoc creator/4.4/psoc creator/import/gnu/arm/5.4.1/bin/../lib/gcc/arm-none-eabi/5.4.1/../../../../arm-none-eabi/lib/armv7-m\libg_nano.a(lib_a-rand.o)
                0x00003bf0                rand
 .text.sprintf  0x00003c64       0x48 c:/program files (x86)/cypress/psoc creator/4.4/psoc creator/import/gnu/arm/5.4.1/bin/../lib/gcc/arm-none-eabi/5.4.1/../../../../arm-none-eabi/lib/armv7-m\libg_nano.a(lib_a-sprintf.o)
                0x00003c64                siprintf
                0x00003c64                sprintf
 .text          0x00003cac       0x10 c:/program files (x86)/cypress/psoc creator/4.4/psoc creator/import/gnu/arm/5.4.1/bin/../lib/gcc/arm-none-eabi/5.4.1/../../../../arm-none-eabi/lib/armv7-m\libg_nano.a(lib_a-strlen.o)
                0x00003cac                strlen
 .text.quorem   0x00003cbc      0x116 c:/program files (x86)/cypress/psoc creator/4.4/psoc creator/import/gnu/arm/5.4.1/bin/../lib/gcc/arm-none-eabi/5.4.1/../../../../arm-none-eabi/lib/armv7-m\libg_nano.a(lib_a-dtoa.o)
 *fill*         0x00003dd2        0x6 
 .text._dtoa_r  0x00003dd8      0xb30 c:/program files (x86)/cypress/psoc creator/4.4/psoc creator/import/gnu/arm/5.4.1/bin/../lib/gcc/arm-none-eabi/5.4.1/../../../../arm-none-eabi/lib/armv7-m\libg_nano.a(lib_a-dtoa.o)
                0x00003dd8                _dtoa_r
 .text._localeconv_r
                0x00004908        0x8 c:/program files (x86)/cypress/psoc creator/4.4/psoc creator/import/gnu/arm/5.4.1/bin/../lib/gcc/arm-none-eabi/5.4.1/../../../../arm-none-eabi/lib/armv7-m\libg_nano.a(lib_a-locale.o)
                0x00004908                _localeconv_r
 .text.malloc   0x00004910       0x10 c:/program files (x86)/cypress/psoc creator/4.4/psoc creator/import/gnu/arm/5.4.1/bin/../lib/gcc/arm-none-eabi/5.4.1/../../../../arm-none-eabi/lib/armv7-m\libg_nano.a(lib_a-malloc.o)
                0x00004910                malloc
 .text.memchr   0x00004920       0x1c c:/program files (x86)/cypress/psoc creator/4.4/psoc creator/import/gnu/arm/5.4.1/bin/../lib/gcc/arm-none-eabi/5.4.1/../../../../arm-none-eabi/lib/armv7-m\libg_nano.a(lib_a-memchr-stub.o)
                0x00004920                memchr
 .text._Balloc  0x0000493c       0x6a c:/program files (x86)/cypress/psoc creator/4.4/psoc creator/import/gnu/arm/5.4.1/bin/../lib/gcc/arm-none-eabi/5.4.1/../../../../arm-none-eabi/lib/armv7-m\libg_nano.a(lib_a-mprec.o)
                0x0000493c                _Balloc
 .text._Bfree   0x000049a6       0x2e c:/program files (x86)/cypress/psoc creator/4.4/psoc creator/import/gnu/arm/5.4.1/bin/../lib/gcc/arm-none-eabi/5.4.1/../../../../arm-none-eabi/lib/armv7-m\libg_nano.a(lib_a-mprec.o)
                0x000049a6                _Bfree
 .text.__multadd
                0x000049d4       0x76 c:/program files (x86)/cypress/psoc creator/4.4/psoc creator/import/gnu/arm/5.4.1/bin/../lib/gcc/arm-none-eabi/5.4.1/../../../../arm-none-eabi/lib/armv7-m\libg_nano.a(lib_a-mprec.o)
                0x000049d4                __multadd
 .text.__hi0bits
                0x00004a4a       0x40 c:/program files (x86)/cypress/psoc creator/4.4/psoc creator/import/gnu/arm/5.4.1/bin/../lib/gcc/arm-none-eabi/5.4.1/../../../../arm-none-eabi/lib/armv7-m\libg_nano.a(lib_a-mprec.o)
                0x00004a4a                __hi0bits
 .text.__lo0bits
                0x00004a8a       0x5a c:/program files (x86)/cypress/psoc creator/4.4/psoc creator/import/gnu/arm/5.4.1/bin/../lib/gcc/arm-none-eabi/5.4.1/../../../../arm-none-eabi/lib/armv7-m\libg_nano.a(lib_a-mprec.o)
                0x00004a8a                __lo0bits
 .text.__i2b    0x00004ae4       0x12 c:/program files (x86)/cypress/psoc creator/4.4/psoc creator/import/gnu/arm/5.4.1/bin/../lib/gcc/arm-none-eabi/5.4.1/../../../../arm-none-eabi/lib/armv7-m\libg_nano.a(lib_a-mprec.o)
                0x00004ae4                __i2b
 .text.__multiply
                0x00004af6      0x120 c:/program files (x86)/cypress/psoc creator/4.4/psoc creator/import/gnu/arm/5.4.1/bin/../lib/gcc/arm-none-eabi/5.4.1/../../../../arm-none-eabi/lib/armv7-m\libg_nano.a(lib_a-mprec.o)
                0x00004af6                __multiply
 *fill*         0x00004c16        0x2 
 .text.__pow5mult
                0x00004c18       0x9c c:/program files (x86)/cypress/psoc creator/4.4/psoc creator/import/gnu/arm/5.4.1/bin/../lib/gcc/arm-none-eabi/5.4.1/../../../../arm-none-eabi/lib/armv7-m\libg_nano.a(lib_a-mprec.o)
                0x00004c18                __pow5mult
 .text.__lshift
                0x00004cb4       0xa2 c:/program files (x86)/cypress/psoc creator/4.4/psoc creator/import/gnu/arm/5.4.1/bin/../lib/gcc/arm-none-eabi/5.4.1/../../../../arm-none-eabi/lib/armv7-m\libg_nano.a(lib_a-mprec.o)
                0x00004cb4                __lshift
 .text.__mcmp   0x00004d56       0x38 c:/program files (x86)/cypress/psoc creator/4.4/psoc creator/import/gnu/arm/5.4.1/bin/../lib/gcc/arm-none-eabi/5.4.1/../../../../arm-none-eabi/lib/armv7-m\libg_nano.a(lib_a-mprec.o)
                0x00004d56                __mcmp
 .text.__mdiff  0x00004d8e       0xbe c:/program files (x86)/cypress/psoc creator/4.4/psoc creator/import/gnu/arm/5.4.1/bin/../lib/gcc/arm-none-eabi/5.4.1/../../../../arm-none-eabi/lib/armv7-m\libg_nano.a(lib_a-mprec.o)
                0x00004d8e                __mdiff
 .text.__d2b    0x00004e4c       0x9c c:/program files (x86)/cypress/psoc creator/4.4/psoc creator/import/gnu/arm/5.4.1/bin/../lib/gcc/arm-none-eabi/5.4.1/../../../../arm-none-eabi/lib/armv7-m\libg_nano.a(lib_a-mprec.o)
                0x00004e4c                __d2b
 .text._calloc_r
                0x00004ee8       0x1c c:/program files (x86)/cypress/psoc creator/4.4/psoc creator/import/gnu/arm/5.4.1/bin/../lib/gcc/arm-none-eabi/5.4.1/../../../../arm-none-eabi/lib/armv7-m\libg_nano.a(lib_a-nano-callocr.o)
                0x00004ee8                _calloc_r
 .text._free_r  0x00004f04       0x98 c:/program files (x86)/cypress/psoc creator/4.4/psoc creator/import/gnu/arm/5.4.1/bin/../lib/gcc/arm-none-eabi/5.4.1/../../../../arm-none-eabi/lib/armv7-m\libg_nano.a(lib_a-nano-freer.o)
                0x00004f04                _free_r
 .text._malloc_r
                0x00004f9c       0xbc c:/program files (x86)/cypress/psoc creator/4.4/psoc creator/import/gnu/arm/5.4.1/bin/../lib/gcc/arm-none-eabi/5.4.1/../../../../arm-none-eabi/lib/armv7-m\libg_nano.a(lib_a-nano-mallocr.o)
                0x00004f9c                _malloc_r
 .text.__ssputs_r
                0x00005058       0xb2 c:/program files (x86)/cypress/psoc creator/4.4/psoc creator/import/gnu/arm/5.4.1/bin/../lib/gcc/arm-none-eabi/5.4.1/../../../../arm-none-eabi/lib/armv7-m\libg_nano.a(lib_a-nano-svfprintf.o)
                0x00005058                __ssputs_r
 *fill*         0x0000510a        0x2 
 .text._svfprintf_r
                0x0000510c      0x1e8 c:/program files (x86)/cypress/psoc creator/4.4/psoc creator/import/gnu/arm/5.4.1/bin/../lib/gcc/arm-none-eabi/5.4.1/../../../../arm-none-eabi/lib/armv7-m\libg_nano.a(lib_a-nano-svfprintf.o)
                0x0000510c                _svfiprintf_r
                0x0000510c                _svfprintf_r
 .text._sbrk_r  0x000052f4       0x20 c:/program files (x86)/cypress/psoc creator/4.4/psoc creator/import/gnu/arm/5.4.1/bin/../lib/gcc/arm-none-eabi/5.4.1/../../../../arm-none-eabi/lib/armv7-m\libg_nano.a(lib_a-sbrkr.o)
                0x000052f4                _sbrk_r
 .text.memmove  0x00005314       0x36 c:/program files (x86)/cypress/psoc creator/4.4/psoc creator/import/gnu/arm/5.4.1/bin/../lib/gcc/arm-none-eabi/5.4.1/../../../../arm-none-eabi/lib/armv7-m\libg_nano.a(lib_a-memmove.o)
                0x00005314                memmove
 .text.__malloc_lock
                0x0000534a        0x2 c:/program files (x86)/cypress/psoc creator/4.4/psoc creator/import/gnu/arm/5.4.1/bin/../lib/gcc/arm-none-eabi/5.4.1/../../../../arm-none-eabi/lib/armv7-m\libg_nano.a(lib_a-mlock.o)
                0x0000534a                __malloc_lock
 .text.__malloc_unlock
                0x0000534c        0x2 c:/program files (x86)/cypress/psoc creator/4.4/psoc creator/import/gnu/arm/5.4.1/bin/../lib/gcc/arm-none-eabi/5.4.1/../../../../arm-none-eabi/lib/armv7-m\libg_nano.a(lib_a-mlock.o)
                0x0000534c                __malloc_unlock
 .text._realloc_r
                0x0000534e       0x4c c:/program files (x86)/cypress/psoc creator/4.4/psoc creator/import/gnu/arm/5.4.1/bin/../lib/gcc/arm-none-eabi/5.4.1/../../../../arm-none-eabi/lib/armv7-m\libg_nano.a(lib_a-nano-reallocr.o)
                0x0000534e                _realloc_r
 .text._malloc_usable_size_r
                0x0000539a       0x14 c:/program files (x86)/cypress/psoc creator/4.4/psoc creator/import/gnu/arm/5.4.1/bin/../lib/gcc/arm-none-eabi/5.4.1/../../../../arm-none-eabi/lib/armv7-m\libg_nano.a(lib_a-nano-msizer.o)
                0x0000539a                _malloc_usable_size_r
 *fill*         0x000053ae        0x2 
 .text          0x000053b0      0x424 c:/program files (x86)/cypress/psoc creator/4.4/psoc creator/import/gnu/arm/5.4.1/bin/../lib/gcc/arm-none-eabi/5.4.1/armv7-m\libgcc.a(_arm_muldivdf3.o)
                0x000053b0                __aeabi_dmul
                0x000053b0                __muldf3
                0x00005604                __divdf3
                0x00005604                __aeabi_ddiv
 .text          0x000057d4      0x110 c:/program files (x86)/cypress/psoc creator/4.4/psoc creator/import/gnu/arm/5.4.1/bin/../lib/gcc/arm-none-eabi/5.4.1/armv7-m\libgcc.a(_arm_cmpdf2.o)
                0x000057d4                __gtdf2
                0x000057d4                __gedf2
                0x000057dc                __ltdf2
                0x000057dc                __ledf2
                0x000057e4                __nedf2
                0x000057e4                __eqdf2
                0x000057e4                __cmpdf2
                0x00005860                __aeabi_cdrcmple
                0x00005870                __aeabi_cdcmpeq
                0x00005870                __aeabi_cdcmple
                0x00005880                __aeabi_dcmpeq
                0x00005894                __aeabi_dcmplt
                0x000058a8                __aeabi_dcmple
                0x000058bc                __aeabi_dcmpge
                0x000058d0                __aeabi_dcmpgt
 .text          0x000058e4       0x2c c:/program files (x86)/cypress/psoc creator/4.4/psoc creator/import/gnu/arm/5.4.1/bin/../lib/gcc/arm-none-eabi/5.4.1/armv7-m\libgcc.a(_arm_unorddf2.o)
                0x000058e4                __unorddf2
                0x000058e4                __aeabi_dcmpun
 .text          0x00005910       0x50 c:/program files (x86)/cypress/psoc creator/4.4/psoc creator/import/gnu/arm/5.4.1/bin/../lib/gcc/arm-none-eabi/5.4.1/armv7-m\libgcc.a(_arm_fixdfsi.o)
                0x00005910                __aeabi_d2iz
                0x00005910                __fixdfsi
 *(.plt)
 *(.gnu.warning)
 *(.glue_7t)
 .glue_7t       0x00005960        0x0 linker stubs
 *(.glue_7)
 .glue_7        0x00005960        0x0 linker stubs
 *(.vfp11_veneer)
 .vfp11_veneer  0x00005960        0x0 linker stubs
 *(.bootloader)
 *(.ARM.extab* .gnu.linkonce.armextab.*)
 *(.gcc_except_table)

.v4_bx          0x00005960        0x0
 .v4_bx         0x00005960        0x0 linker stubs

.iplt           0x00005960        0x0
 .iplt          0x00005960        0x0 c:/program files (x86)/cypress/psoc creator/4.4/psoc creator/import/gnu/arm/5.4.1/bin/../lib/gcc/arm-none-eabi/5.4.1/armv7-m/crtbegin.o

.eh_frame_hdr
 *(.eh_frame_hdr)

.eh_frame       0x00005960        0x4
 *(.eh_frame)
 .eh_frame      0x00005960        0x0 c:/program files (x86)/cypress/psoc creator/4.4/psoc creator/import/gnu/arm/5.4.1/bin/../lib/gcc/arm-none-eabi/5.4.1/armv7-m/crtbegin.o
 .eh_frame      0x00005960        0x4 c:/program files (x86)/cypress/psoc creator/4.4/psoc creator/import/gnu/arm/5.4.1/bin/../lib/gcc/arm-none-eabi/5.4.1/armv7-m/crtend.o
                [!provide]                PROVIDE (__exidx_start, .)

.ARM.exidx
 *(.ARM.exidx* .gnu.linkonce.armexidx.*)
                0x00005964                __exidx_end = .

.rodata         0x00005968      0xa70
 *(.rodata .rodata.* .gnu.linkonce.r.*)
 .rodata.str1.4
                0x00005968        0x9 .\CortexM3\ARM_GCC_541\Debug\main.o
 *fill*         0x00005971        0x3 
 .rodata.str1.4
                0x00005974      0x13b .\CortexM3\ARM_GCC_541\Debug\game.o
 *fill*         0x00005aaf        0x1 
 .rodata        0x00005ab0       0x36 .\CortexM3\ARM_GCC_541\Debug\arcadian.o
                0x00005ab0                RG_glowtable_1
 *fill*         0x00005ae6        0x2 
 .rodata.str1.4
                0x00005ae8      0x248 .\CortexM3\ARM_GCC_541\Debug\trcStreamingRecorder.o
 .rodata        0x00005d30      0x200 .\CortexM3\ARM_GCC_541\Debug\led.o
 .rodata        0x00005f30       0x11 .\CortexM3\ARM_GCC_541\Debug\seven.o
 *fill*         0x00005f41        0x3 
 .rodata        0x00005f44       0x36 .\CortexM3\ARM_GCC_541\Debug\cyfitter_cfg.o
 *fill*         0x00005f7a        0x2 
 .rodata        0x00005f7c      0x100 .\CortexM3\ARM_GCC_541\Debug\ReactionGame.a(ErikaOS_1_ee_lookup.o)
                0x00005f7c                EE_rq_lookup
 .rodata        0x0000607c      0x124 .\CortexM3\ARM_GCC_541\Debug\ReactionGame.a(ErikaOS_1_eecfg.o)
                0x0000607c                EE_oo_autostart_task_data
                0x00006088                EE_oo_action_ROM
                0x000060b0                EE_oo_counter_object_ROM
                0x000060c8                EE_ALARM_ID
                0x000060d0                EE_alarm_ROM
                0x000060d8                EE_counter_ROM
                0x000060e4                EE_th_is_extended
                0x000060fc                EE_th_rnact_max
                0x00006114                EE_th_dispatch_prio
                0x0000612c                EE_EVENT_ID
                0x0000613c                EE_th_ready_prio
                0x00006154                EE_terminate_real_th_body
                0x0000616c                EE_hal_thread_body
                0x00006184                EE_std_thread_tos
 .rodata.str1.4
                0x000061a0       0xa0 .\CortexM3\ARM_GCC_541\Debug\ReactionGame.a(ErikaOS_1_eecfg.o)
                                 0x9d (size before relaxing)
 .rodata.str1.1
                0x00006240        0x2 c:/program files (x86)/cypress/psoc creator/4.4/psoc creator/import/gnu/arm/5.4.1/bin/../lib/gcc/arm-none-eabi/5.4.1/../../../../arm-none-eabi/lib/armv7-m\libg_nano.a(lib_a-impure.o)
 .rodata.str1.1
                0x00006242       0x12 c:/program files (x86)/cypress/psoc creator/4.4/psoc creator/import/gnu/arm/5.4.1/bin/../lib/gcc/arm-none-eabi/5.4.1/../../../../arm-none-eabi/lib/armv7-m\libg_nano.a(lib_a-nano-vfprintf_float.o)
 .rodata.str1.1
                0x00006254       0x22 c:/program files (x86)/cypress/psoc creator/4.4/psoc creator/import/gnu/arm/5.4.1/bin/../lib/gcc/arm-none-eabi/5.4.1/../../../../arm-none-eabi/lib/armv7-m\libg_nano.a(lib_a-nano-vfprintf_i.o)
 .rodata.str1.1
                0x00006276        0xd c:/program files (x86)/cypress/psoc creator/4.4/psoc creator/import/gnu/arm/5.4.1/bin/../lib/gcc/arm-none-eabi/5.4.1/../../../../arm-none-eabi/lib/armv7-m\libg_nano.a(lib_a-dtoa.o)
                                  0xf (size before relaxing)
 .rodata.str1.1
                0x00006283        0x8 c:/program files (x86)/cypress/psoc creator/4.4/psoc creator/import/gnu/arm/5.4.1/bin/../lib/gcc/arm-none-eabi/5.4.1/../../../../arm-none-eabi/lib/armv7-m\libg_nano.a(lib_a-locale.o)
                                  0xb (size before relaxing)
 *fill*         0x0000628b        0x5 
 .rodata.__mprec_tens
                0x00006290       0xc8 c:/program files (x86)/cypress/psoc creator/4.4/psoc creator/import/gnu/arm/5.4.1/bin/../lib/gcc/arm-none-eabi/5.4.1/../../../../arm-none-eabi/lib/armv7-m\libg_nano.a(lib_a-mprec.o)
                0x00006290                __mprec_tens
 .rodata.p05.5408
                0x00006358        0xc c:/program files (x86)/cypress/psoc creator/4.4/psoc creator/import/gnu/arm/5.4.1/bin/../lib/gcc/arm-none-eabi/5.4.1/../../../../arm-none-eabi/lib/armv7-m\libg_nano.a(lib_a-mprec.o)
 *fill*         0x00006364        0x4 
 .rodata.__mprec_bigtens
                0x00006368       0x28 c:/program files (x86)/cypress/psoc creator/4.4/psoc creator/import/gnu/arm/5.4.1/bin/../lib/gcc/arm-none-eabi/5.4.1/../../../../arm-none-eabi/lib/armv7-m\libg_nano.a(lib_a-mprec.o)
                0x00006368                __mprec_bigtens
 .rodata.str1.1
                0x00006390       0x11 c:/program files (x86)/cypress/psoc creator/4.4/psoc creator/import/gnu/arm/5.4.1/bin/../lib/gcc/arm-none-eabi/5.4.1/../../../../arm-none-eabi/lib/armv7-m\libg_nano.a(lib_a-nano-svfprintf.o)
                0x000063a4                . = ALIGN (0x4)
 *fill*         0x000063a1        0x3 
 *(.init)
 .init          0x000063a4        0x4 c:/program files (x86)/cypress/psoc creator/4.4/psoc creator/import/gnu/arm/5.4.1/bin/../lib/gcc/arm-none-eabi/5.4.1/armv7-m/crti.o
                0x000063a4                _init
 .init          0x000063a8        0x8 c:/program files (x86)/cypress/psoc creator/4.4/psoc creator/import/gnu/arm/5.4.1/bin/../lib/gcc/arm-none-eabi/5.4.1/armv7-m/crtn.o
                0x000063b0                . = ALIGN (0x4)
                0x000063b0                __preinit_array_start = .
 *(.preinit_array)
                0x000063b0                __preinit_array_end = .
                0x000063b0                . = ALIGN (0x4)
                0x000063b0                __init_array_start = .
 *(SORT(.init_array.*))
 *(.init_array)
 .init_array    0x000063b0        0x4 c:/program files (x86)/cypress/psoc creator/4.4/psoc creator/import/gnu/arm/5.4.1/bin/../lib/gcc/arm-none-eabi/5.4.1/armv7-m/crtbegin.o
 .init_array    0x000063b4        0x4 .\CortexM3\ARM_GCC_541\Debug\Cm3Start.o
                0x000063b8                __init_array_end = .
                0x000063b8                . = ALIGN (0x4)
 *(.fini)
 .fini          0x000063b8        0x4 c:/program files (x86)/cypress/psoc creator/4.4/psoc creator/import/gnu/arm/5.4.1/bin/../lib/gcc/arm-none-eabi/5.4.1/armv7-m/crti.o
                0x000063b8                _fini
 .fini          0x000063bc        0x8 c:/program files (x86)/cypress/psoc creator/4.4/psoc creator/import/gnu/arm/5.4.1/bin/../lib/gcc/arm-none-eabi/5.4.1/armv7-m/crtn.o
                0x000063c4                . = ALIGN (0x4)
                0x000063c4                __fini_array_start = .
 *(.fini_array)
 .fini_array    0x000063c4        0x4 c:/program files (x86)/cypress/psoc creator/4.4/psoc creator/import/gnu/arm/5.4.1/bin/../lib/gcc/arm-none-eabi/5.4.1/armv7-m/crtbegin.o
 *(SORT(.fini_array.*))
                0x000063c8                __fini_array_end = .
                0x000063c8                . = ALIGN (0x4)
 *crtbegin.o(.ctors)
 *(EXCLUDE_FILE(*crtend.o) .ctors)
 *(SORT(.ctors.*))
 *crtend.o(.ctors)
                0x000063c8                . = ALIGN (0x4)
 *crtbegin.o(.dtors)
 *(EXCLUDE_FILE(*crtend.o) .dtors)
 *(SORT(.dtors.*))
 *crtend.o(.dtors)
                0x000063c8                . = ALIGN (0x4)
                0x000063c8                __cy_regions = .
                0x000063c8        0x4 LONG 0x63d8 __cy_region_init_ram
                0x000063cc        0x4 LONG 0x1fff80c8 __cy_region_start_data
                0x000063d0        0x4 LONG 0x238 __cy_region_init_size_ram
                0x000063d4        0x4 LONG 0x2548 __cy_region_zero_size_ram
                0x000063d8                __cy_regions_end = .
                0x000063d8                . = ALIGN (0x8)
                0x000063d8                _etext = .

.cy_checksum_exclude
                0x000063d8        0x0
 *(.cy_checksum_exclude)

.ramvectors     0x1fff8000       0xc0
                0x1fff8000                __cy_region_start_ram = .
 *(.ramvectors)
 .ramvectors    0x1fff8000       0xc0 .\CortexM3\ARM_GCC_541\Debug\Cm3Start.o
                0x1fff8000                CyRamVectors

.noinit         0x1fff80c0        0x1
 *(.noinit)
 .noinit        0x1fff80c0        0x1 .\CortexM3\ARM_GCC_541\Debug\ReactionGame.a(CyLib.o)
                0x1fff80c0                CyResetStatus

.data           0x1fff80c8      0x238 load address 0x000063d8
                0x1fff80c8                __cy_region_start_data = .
 *(.jcr)
 .jcr           0x1fff80c8        0x0 c:/program files (x86)/cypress/psoc creator/4.4/psoc creator/import/gnu/arm/5.4.1/bin/../lib/gcc/arm-none-eabi/5.4.1/armv7-m/crtbegin.o
 .jcr           0x1fff80c8        0x4 c:/program files (x86)/cypress/psoc creator/4.4/psoc creator/import/gnu/arm/5.4.1/bin/../lib/gcc/arm-none-eabi/5.4.1/armv7-m/crtend.o
 *(.got.plt)
 *(.got)
 *(.shdata)
 *(.data .data.* .gnu.linkonce.d.*)
 .data          0x1fff80cc       0x15 .\CortexM3\ARM_GCC_541\Debug\trcStreamingRecorder.o
                0x1fff80cc                TotalBytesRemaining
                0x1fff80d2                CurrentFilterMask
                0x1fff80d4                CurrentFilterGroup
                0x1fff80dc                TotalBytesRemaining_LowWaterMark
 *fill*         0x1fff80e1        0x3 
 .data          0x1fff80e4        0x2 .\CortexM3\ARM_GCC_541\Debug\seven.o
 *fill*         0x1fff80e6        0x2 
 .data          0x1fff80e8        0x4 .\CortexM3\ARM_GCC_541\Debug\Cm3Start.o
 .data          0x1fff80ec      0x15c .\CortexM3\ARM_GCC_541\Debug\ReactionGame.a(ErikaOS_1_eecfg.o)
                0x1fff80ec                EE_ALARM_NAME
                0x1fff80f4                EE_counter_RAM
                0x1fff80fc                EE_th_terminate_nextask
                0x1fff8114                EE_rq_pairs_next
                0x1fff812c                EE_rq_link
                0x1fff8144                EE_th_rnact
                0x1fff815c                EE_rq_queues_tail
                0x1fff819c                EE_rq_queues_head
                0x1fff81dc                EE_stkfirst
                0x1fff81e0                EE_th_next
                0x1fff81f8                EE_th_status
                0x1fff8210                EE_EVENT_NAME
                0x1fff8220                EE_TASK_NAME
                0x1fff8238                EE_cortex_mx_IRQ_tos
                0x1fff823c                EE_cortex_mx_system_tos
 .data          0x1fff8248        0x8 .\CortexM3\ARM_GCC_541\Debug\ReactionGame.a(CyDmac.o)
 .data          0x1fff8250       0x10 .\CortexM3\ARM_GCC_541\Debug\ReactionGame.a(CyLib.o)
                0x1fff8250                cydelay_32k_ms
                0x1fff8254                cydelay_freq_khz
                0x1fff8258                cydelay_freq_mhz
                0x1fff825c                cydelay_freq_hz
 .data          0x1fff8260        0x4 .\CortexM3\ARM_GCC_541\Debug\ReactionGame.a(ErikaOS_1_ee_gnu_irq_stack.o)
 .data.impure_data
                0x1fff8264       0x60 c:/program files (x86)/cypress/psoc creator/4.4/psoc creator/import/gnu/arm/5.4.1/bin/../lib/gcc/arm-none-eabi/5.4.1/../../../../arm-none-eabi/lib/armv7-m\libg_nano.a(lib_a-impure.o)
 .data._impure_ptr
                0x1fff82c4        0x4 c:/program files (x86)/cypress/psoc creator/4.4/psoc creator/import/gnu/arm/5.4.1/bin/../lib/gcc/arm-none-eabi/5.4.1/../../../../arm-none-eabi/lib/armv7-m\libg_nano.a(lib_a-impure.o)
                0x1fff82c4                _impure_ptr
 .data.lconv    0x1fff82c8       0x38 c:/program files (x86)/cypress/psoc creator/4.4/psoc creator/import/gnu/arm/5.4.1/bin/../lib/gcc/arm-none-eabi/5.4.1/../../../../arm-none-eabi/lib/armv7-m\libg_nano.a(lib_a-locale.o)
                0x1fff8300                . = ALIGN (0x8)
 *(.ram)
                0x1fff8300                _edata = .

.igot.plt       0x1fff8300        0x0 load address 0x00006610
 .igot.plt      0x1fff8300        0x0 c:/program files (x86)/cypress/psoc creator/4.4/psoc creator/import/gnu/arm/5.4.1/bin/../lib/gcc/arm-none-eabi/5.4.1/armv7-m/crtbegin.o

.bss            0x1fff8300     0x2548 load address 0x00006610
                0x1fff8300                PROVIDE (__bss_start__, .)
 *(.shbss)
 *(.bss .bss.* .gnu.linkonce.b.*)
 .bss           0x1fff8300       0x1c c:/program files (x86)/cypress/psoc creator/4.4/psoc creator/import/gnu/arm/5.4.1/bin/../lib/gcc/arm-none-eabi/5.4.1/armv7-m/crtbegin.o
 .bss           0x1fff831c       0x34 .\CortexM3\ARM_GCC_541\Debug\game.o
                0x1fff831c                counterTimer
                0x1fff831e                startTime
 .bss           0x1fff8350       0x14 .\CortexM3\ARM_GCC_541\Debug\arcadian.o
 .bss           0x1fff8364      0x69c .\CortexM3\ARM_GCC_541\Debug\trcStreamingRecorder.o
                0x1fff8364                EventBuffer
                0x1fff8368                timestampFrequency
                0x1fff8370                NoRoomForSymbol
                0x1fff8374                LongestSymbolName
                0x1fff8378                NoRoomForObjectData
                0x1fff837c                MaxBytesTruncated
                0x1fff8380                RecorderEnabled
                0x1fff89cc                DroppedEventCounter
                0x1fff89d4                uiTraceTickCount
                0x1fff89dc                isPendingContextSwitch
 .bss           0x1fff8a00        0x3 .\CortexM3\ARM_GCC_541\Debug\led.o
 *fill*         0x1fff8a03        0x1 
 .bss           0x1fff8a04        0x2 .\CortexM3\ARM_GCC_541\Debug\seven.o
 *fill*         0x1fff8a06        0x2 
 .bss           0x1fff8a08       0x58 .\CortexM3\ARM_GCC_541\Debug\ReactionGame.a(ErikaOS_1_eecfg.o)
                0x1fff8a08                EE_th_waswaiting
                0x1fff8a20                EE_th_event_waitmask
                0x1fff8a38                EE_th_event_active
                0x1fff8a50                EE_rq_free
                0x1fff8a54                EE_rq_bitmask
                0x1fff8a58                EE_sys_ceiling
                0x1fff8a5c                EE_cortex_mx_active_tos
 .bss           0x1fff8a60        0x2 .\CortexM3\ARM_GCC_541\Debug\ReactionGame.a(UART_LOG.o)
                0x1fff8a60                UART_LOG_initVar
 .bss           0x1fff8a62        0x1 .\CortexM3\ARM_GCC_541\Debug\ReactionGame.a(RGB_PWM_red.o)
                0x1fff8a62                RGB_PWM_red_initVar
 .bss           0x1fff8a63        0x1 .\CortexM3\ARM_GCC_541\Debug\ReactionGame.a(RGB_PWM_green.o)
                0x1fff8a63                RGB_PWM_green_initVar
 .bss           0x1fff8a64        0x1 .\CortexM3\ARM_GCC_541\Debug\ReactionGame.a(RGB_PWM_blue.o)
                0x1fff8a64                RGB_PWM_blue_initVar
 .bss           0x1fff8a65        0x1 .\CortexM3\ARM_GCC_541\Debug\ReactionGame.a(PWM_Red.o)
                0x1fff8a65                PWM_Red_initVar
 .bss           0x1fff8a66        0x1 .\CortexM3\ARM_GCC_541\Debug\ReactionGame.a(PWM_Yellow.o)
                0x1fff8a66                PWM_Yellow_initVar
 .bss           0x1fff8a67        0x1 .\CortexM3\ARM_GCC_541\Debug\ReactionGame.a(PWM_Green.o)
                0x1fff8a67                PWM_Green_initVar
 .bss.__malloc_sbrk_start
                0x1fff8a68        0x4 c:/program files (x86)/cypress/psoc creator/4.4/psoc creator/import/gnu/arm/5.4.1/bin/../lib/gcc/arm-none-eabi/5.4.1/../../../../arm-none-eabi/lib/armv7-m\libg_nano.a(lib_a-nano-mallocr.o)
                0x1fff8a68                __malloc_sbrk_start
 .bss.__malloc_free_list
                0x1fff8a6c        0x4 c:/program files (x86)/cypress/psoc creator/4.4/psoc creator/import/gnu/arm/5.4.1/bin/../lib/gcc/arm-none-eabi/5.4.1/../../../../arm-none-eabi/lib/armv7-m\libg_nano.a(lib_a-nano-mallocr.o)
                0x1fff8a6c                __malloc_free_list
 *(COMMON)
 COMMON         0x1fff8a70     0x138c .\CortexM3\ARM_GCC_541\Debug\trcKernelPort.o
                0x1fff8a70                _TzTraceData
                0x1fff9df8                trcWarningChannel
 COMMON         0x1fff9dfc       0x10 .\CortexM3\ARM_GCC_541\Debug\trcStreamingRecorder.o
                0x1fff9dfc                PageInfo
 COMMON         0x1fff9e0c        0x8 .\CortexM3\ARM_GCC_541\Debug\ReactionGame.a(ErikaOS_1_ee_lookup.o)
                0x1fff9e0c                EE_oo_IRQ_disable_count
                0x1fff9e10                EE_oo_IRQ_suspend_status
 COMMON         0x1fff9e14        0x4 .\CortexM3\ARM_GCC_541\Debug\ReactionGame.a(ErikaOS_1_ee_startos.o)
                0x1fff9e14                EE_oo_started
 COMMON         0x1fff9e18        0x8 .\CortexM3\ARM_GCC_541\Debug\ReactionGame.a(ErikaOS_1_common_ee_hal_structs.o)
                0x1fff9e18                EE_IRQ_nesting_level
                0x1fff9e1c                EE_std_endcycle_next_tid
 COMMON         0x1fff9e20      0xa24 .\CortexM3\ARM_GCC_541\Debug\ReactionGame.a(ErikaOS_1_eecfg.o)
                0x1fff9e20                EE_cortex_mx_stack_3
                0x1fffa208                EE_rq_pairs_tid
                0x1fffa220                EE_terminate_data
                0x1fffa238                EE_oo_counter_object_RAM
                0x1fffa258                EE_ApplicationMode
                0x1fffa25c                EE_cortex_mx_stack_4
                0x1fffa644                EE_cortex_mx_stack_9
 COMMON         0x1fffa844        0x4 c:/program files (x86)/cypress/psoc creator/4.4/psoc creator/import/gnu/arm/5.4.1/bin/../lib/gcc/arm-none-eabi/5.4.1/../../../../arm-none-eabi/lib/armv7-m\libg_nano.a(lib_a-reent.o)
                0x1fffa844                errno
                0x1fffa848                . = ALIGN (0x8)
 *(.ram.b)
                0x1fffa848                _end = .
                0x1fffa848                __end = .
                0x1fffa848                PROVIDE (end, .)
                0x1fffa848                PROVIDE (__bss_end__, .)
                0x000063d8                __cy_region_init_ram = LOADADDR (.data)
                0x00000238                __cy_region_init_size_ram = (_edata - ADDR (.data))
                0x00002548                __cy_region_zero_size_ram = (_end - _edata)

.heap           0x1fffa848      0x200 load address 0x00006610
                0x1fffa848                . = _end
                0x1fffaa48                . = (. + 0x200)
 *fill*         0x1fffa848      0x200 
                0x1fffaa48                __cy_heap_limit = .

.stack          0x20007800      0x800
                0x20007800                __cy_stack_limit = .
                0x20008000                . = (. + 0x800)
 *fill*         0x20007800      0x800 
                0x00000001                ASSERT ((__cy_stack_limit >= __cy_heap_limit), region RAM overflowed with stack)
                0x00000000                cy_checksum_exclude_size = (CY_APPL_LOADABLE == 0x1)?SIZEOF (.cy_checksum_exclude):0x0
                0x00000001                ASSERT ((cy_checksum_exclude_size <= CY_CHECKSUM_EXCLUDE_SIZE), CY_BOOT: Section .cy_checksum_exclude size exceedes specified limit.)

.cyloadermeta
 *(.cyloadermeta)

.cyloadablemeta
 *(.cyloadablemeta)

.cyconfigecc    0x80000000      0xebc
 *(.cyconfigecc)
 .cyconfigecc   0x80000000      0xebc .\CortexM3\ARM_GCC_541\Debug\cymetadata.o
                0x80000000                cy_meta_configecc

.cycustnvl      0x90000000        0x4
 *(.cycustnvl)
 .cycustnvl     0x90000000        0x4 .\CortexM3\ARM_GCC_541\Debug\cymetadata.o
                0x90000000                cy_meta_custnvl

.cywolatch      0x90100000        0x4
 *(.cywolatch)
 .cywolatch     0x90100000        0x4 .\CortexM3\ARM_GCC_541\Debug\cymetadata.o
                0x90100000                cy_meta_wonvl

.cyeeprom       0x90200000        0x0
 *(.cyeeprom)
                0x00000001                ASSERT ((. <= ((0x90200000 + ee_offset) + ee_size)), .cyeeprom data will not fit in EEPROM)

.cyflashprotect
                0x90400000      0x100
 *(.cyflashprotect)
 .cyflashprotect
                0x90400000      0x100 .\CortexM3\ARM_GCC_541\Debug\cymetadata.o
                0x90400000                cy_meta_flashprotect

.cymeta         0x90500000        0xc
 *(.cymeta)
 .cymeta        0x90500000        0xc .\CortexM3\ARM_GCC_541\Debug\cymetadata.o
                0x90500000                cy_metadata

.rel.dyn        0x00006610        0x0 load address 0x9050000c
 .rel.iplt      0x00006610        0x0 c:/program files (x86)/cypress/psoc creator/4.4/psoc creator/import/gnu/arm/5.4.1/bin/../lib/gcc/arm-none-eabi/5.4.1/armv7-m/crtbegin.o

.stab
 *(.stab)

.stabstr
 *(.stabstr)

.debug
 *(.debug)

.line
 *(.line)

.debug_srcinfo
 *(.debug_srcinfo)

.debug_sfnames
 *(.debug_sfnames)

.debug_aranges  0x00000000     0x1e98
 *(.debug_aranges)
 .debug_aranges
                0x00000000       0x68 .\CortexM3\ARM_GCC_541\Debug\main.o
 .debug_aranges
                0x00000068       0x48 .\CortexM3\ARM_GCC_541\Debug\game.o
 .debug_aranges
                0x000000b0       0x30 .\CortexM3\ARM_GCC_541\Debug\arcadian.o
 .debug_aranges
                0x000000e0       0x30 .\CortexM3\ARM_GCC_541\Debug\trcStreamingPort.o
 .debug_aranges
                0x00000110       0x78 .\CortexM3\ARM_GCC_541\Debug\trcKernelPort.o
 .debug_aranges
                0x00000188       0x18 .\CortexM3\ARM_GCC_541\Debug\trcSnapshotRecorder.o
 .debug_aranges
                0x000001a0      0x188 .\CortexM3\ARM_GCC_541\Debug\trcStreamingRecorder.o
 .debug_aranges
                0x00000328       0x28 .\CortexM3\ARM_GCC_541\Debug\button.o
 .debug_aranges
                0x00000350       0x28 .\CortexM3\ARM_GCC_541\Debug\joystick.o
 .debug_aranges
                0x00000378       0x40 .\CortexM3\ARM_GCC_541\Debug\led.o
 .debug_aranges
                0x000003b8       0x50 .\CortexM3\ARM_GCC_541\Debug\seven.o
 .debug_aranges
                0x00000408       0x28 .\CortexM3\ARM_GCC_541\Debug\logging.o
 .debug_aranges
                0x00000430      0x178 .\CortexM3\ARM_GCC_541\Debug\tft.o
 .debug_aranges
                0x000005a8       0x58 .\CortexM3\ARM_GCC_541\Debug\cyfitter_cfg.o
 .debug_aranges
                0x00000600       0x18 .\CortexM3\ARM_GCC_541\Debug\cymetadata.o
 .debug_aranges
                0x00000618       0x48 .\CortexM3\ARM_GCC_541\Debug\Cm3Start.o
 .debug_aranges
                0x00000660       0x20 .\CortexM3\ARM_GCC_541\Debug\ReactionGame.a(ErikaOS_1_ee_activate.o)
 .debug_aranges
                0x00000680       0x20 .\CortexM3\ARM_GCC_541\Debug\ReactionGame.a(ErikaOS_1_ee_alsetrel.o)
 .debug_aranges
                0x000006a0       0x58 .\CortexM3\ARM_GCC_541\Debug\ReactionGame.a(ErikaOS_1_ee_altick.o)
 .debug_aranges
                0x000006f8       0x20 .\CortexM3\ARM_GCC_541\Debug\ReactionGame.a(ErikaOS_1_ee_evclear.o)
 .debug_aranges
                0x00000718       0x20 .\CortexM3\ARM_GCC_541\Debug\ReactionGame.a(ErikaOS_1_ee_evget.o)
 .debug_aranges
                0x00000738       0x20 .\CortexM3\ARM_GCC_541\Debug\ReactionGame.a(ErikaOS_1_ee_evset.o)
 .debug_aranges
                0x00000758       0x20 .\CortexM3\ARM_GCC_541\Debug\ReactionGame.a(ErikaOS_1_ee_evwait.o)
 .debug_aranges
                0x00000778       0x20 .\CortexM3\ARM_GCC_541\Debug\ReactionGame.a(ErikaOS_1_ee_gettaskid.o)
 .debug_aranges
                0x00000798       0x30 .\CortexM3\ARM_GCC_541\Debug\ReactionGame.a(ErikaOS_1_ee_irqendin.o)
 .debug_aranges
                0x000007c8       0x18 .\CortexM3\ARM_GCC_541\Debug\ReactionGame.a(ErikaOS_1_ee_lookup.o)
 .debug_aranges
                0x000007e0       0x20 .\CortexM3\ARM_GCC_541\Debug\ReactionGame.a(ErikaOS_1_ee_rq_exchg.o)
 .debug_aranges
                0x00000800       0x20 .\CortexM3\ARM_GCC_541\Debug\ReactionGame.a(ErikaOS_1_ee_rq_first.o)
 .debug_aranges
                0x00000820       0x20 .\CortexM3\ARM_GCC_541\Debug\ReactionGame.a(ErikaOS_1_ee_rq_inser.o)
 .debug_aranges
                0x00000840       0x48 .\CortexM3\ARM_GCC_541\Debug\ReactionGame.a(ErikaOS_1_ee_startos.o)
 .debug_aranges
                0x00000888       0x20 .\CortexM3\ARM_GCC_541\Debug\ReactionGame.a(ErikaOS_1_ee_terminat.o)
 .debug_aranges
                0x000008a8       0x20 .\CortexM3\ARM_GCC_541\Debug\ReactionGame.a(ErikaOS_1_cortex_mx_ee_utils.o)
 .debug_aranges
                0x000008c8       0x18 .\CortexM3\ARM_GCC_541\Debug\ReactionGame.a(ErikaOS_1_common_ee_hal_structs.o)
 .debug_aranges
                0x000008e0       0x18 .\CortexM3\ARM_GCC_541\Debug\ReactionGame.a(ErikaOS_1_eecfg.o)
 .debug_aranges
                0x000008f8       0x38 .\CortexM3\ARM_GCC_541\Debug\ReactionGame.a(SEVEN_DP.o)
 .debug_aranges
                0x00000930       0x38 .\CortexM3\ARM_GCC_541\Debug\ReactionGame.a(SEVEN_SELECT.o)
 .debug_aranges
                0x00000968       0x28 .\CortexM3\ARM_GCC_541\Debug\ReactionGame.a(SEVEN_reg.o)
 .debug_aranges
                0x00000990       0x38 .\CortexM3\ARM_GCC_541\Debug\ReactionGame.a(BUTTON_1.o)
 .debug_aranges
                0x000009c8       0x80 .\CortexM3\ARM_GCC_541\Debug\ReactionGame.a(isr_Button.o)
 .debug_aranges
                0x00000a48       0x38 .\CortexM3\ARM_GCC_541\Debug\ReactionGame.a(BUTTON_2.o)
 .debug_aranges
                0x00000a80       0x38 .\CortexM3\ARM_GCC_541\Debug\ReactionGame.a(BUTTON_3.o)
 .debug_aranges
                0x00000ab8       0x38 .\CortexM3\ARM_GCC_541\Debug\ReactionGame.a(BUTTON_4.o)
 .debug_aranges
                0x00000af0       0x38 .\CortexM3\ARM_GCC_541\Debug\ReactionGame.a(LED_red.o)
 .debug_aranges
                0x00000b28       0x38 .\CortexM3\ARM_GCC_541\Debug\ReactionGame.a(LED_yellow.o)
 .debug_aranges
                0x00000b60       0x38 .\CortexM3\ARM_GCC_541\Debug\ReactionGame.a(LED_green.o)
 .debug_aranges
                0x00000b98       0xf0 .\CortexM3\ARM_GCC_541\Debug\ReactionGame.a(UART_LOG.o)
 .debug_aranges
                0x00000c88       0x80 .\CortexM3\ARM_GCC_541\Debug\ReactionGame.a(RGB_PWM_red.o)
 .debug_aranges
                0x00000d08       0x80 .\CortexM3\ARM_GCC_541\Debug\ReactionGame.a(RGB_PWM_green.o)
 .debug_aranges
                0x00000d88       0x80 .\CortexM3\ARM_GCC_541\Debug\ReactionGame.a(RGB_PWM_blue.o)
 .debug_aranges
                0x00000e08       0xc8 .\CortexM3\ARM_GCC_541\Debug\ReactionGame.a(USBUART.o)
 .debug_aranges
                0x00000ed0       0xe8 .\CortexM3\ARM_GCC_541\Debug\ReactionGame.a(USBUART_cdc.o)
 .debug_aranges
                0x00000fb8       0x98 .\CortexM3\ARM_GCC_541\Debug\ReactionGame.a(USBUART_drv.o)
 .debug_aranges
                0x00001050       0x40 .\CortexM3\ARM_GCC_541\Debug\ReactionGame.a(USBUART_episr.o)
 .debug_aranges
                0x00001090       0x40 .\CortexM3\ARM_GCC_541\Debug\ReactionGame.a(USBUART_pm.o)
 .debug_aranges
                0x000010d0       0x80 .\CortexM3\ARM_GCC_541\Debug\ReactionGame.a(USBUART_std.o)
 .debug_aranges
                0x00001150       0x20 .\CortexM3\ARM_GCC_541\Debug\ReactionGame.a(USBUART_vnd.o)
 .debug_aranges
                0x00001170       0xa0 .\CortexM3\ARM_GCC_541\Debug\ReactionGame.a(JOYSTICK_ADC_XY.o)
 .debug_aranges
                0x00001210       0x20 .\CortexM3\ARM_GCC_541\Debug\ReactionGame.a(JOYSTICK_ADC_XY_INT.o)
 .debug_aranges
                0x00001230       0xd8 .\CortexM3\ARM_GCC_541\Debug\ReactionGame.a(TFT_SPI.o)
 .debug_aranges
                0x00001308       0x38 .\CortexM3\ARM_GCC_541\Debug\ReactionGame.a(TFT_DC.o)
 .debug_aranges
                0x00001340       0x38 .\CortexM3\ARM_GCC_541\Debug\ReactionGame.a(TFT_RES.o)
 .debug_aranges
                0x00001378       0x78 .\CortexM3\ARM_GCC_541\Debug\ReactionGame.a(TFT_BackLight.o)
 .debug_aranges
                0x000013f0       0x70 .\CortexM3\ARM_GCC_541\Debug\ReactionGame.a(UART_LOG_IntClock.o)
 .debug_aranges
                0x00001460       0x48 .\CortexM3\ARM_GCC_541\Debug\ReactionGame.a(USBUART_Dp.o)
 .debug_aranges
                0x000014a8       0xa8 .\CortexM3\ARM_GCC_541\Debug\ReactionGame.a(JOYSTICK_ADC_XY_SAR.o)
 .debug_aranges
                0x00001550       0x28 .\CortexM3\ARM_GCC_541\Debug\ReactionGame.a(JOYSTICK_ADC_XY_TempBuf_dma.o)
 .debug_aranges
                0x00001578       0x28 .\CortexM3\ARM_GCC_541\Debug\ReactionGame.a(JOYSTICK_ADC_XY_FinalBuf_dma.o)
 .debug_aranges
                0x000015a0       0x80 .\CortexM3\ARM_GCC_541\Debug\ReactionGame.a(JOYSTICK_ADC_XY_IRQ.o)
 .debug_aranges
                0x00001620       0x70 .\CortexM3\ARM_GCC_541\Debug\ReactionGame.a(TFT_SPI_IntClock.o)
 .debug_aranges
                0x00001690       0xd8 .\CortexM3\ARM_GCC_541\Debug\ReactionGame.a(CyDmac.o)
 .debug_aranges
                0x00001768      0x2a0 .\CortexM3\ARM_GCC_541\Debug\ReactionGame.a(CyLib.o)
 .debug_aranges
                0x00001a08       0x98 .\CortexM3\ARM_GCC_541\Debug\ReactionGame.a(cyPm.o)
 .debug_aranges
                0x00001aa0       0x80 .\CortexM3\ARM_GCC_541\Debug\ReactionGame.a(PWM_Red.o)
 .debug_aranges
                0x00001b20       0x80 .\CortexM3\ARM_GCC_541\Debug\ReactionGame.a(PWM_Yellow.o)
 .debug_aranges
                0x00001ba0       0x80 .\CortexM3\ARM_GCC_541\Debug\ReactionGame.a(PWM_Green.o)
 .debug_aranges
                0x00001c20       0x20 .\CortexM3\ARM_GCC_541\Debug\ReactionGame.a(ErikaOS_1_ee_gnu_change_context_isr.o)
 .debug_aranges
                0x00001c40       0x20 .\CortexM3\ARM_GCC_541\Debug\ReactionGame.a(ErikaOS_1_ee_gnu_irq_stack.o)
 .debug_aranges
                0x00001c60       0x20 .\CortexM3\ARM_GCC_541\Debug\ReactionGame.a(ErikaOS_1_ee_gnu_multi_context.o)
 .debug_aranges
                0x00001c80       0x20 .\CortexM3\ARM_GCC_541\Debug\ReactionGame.a(ErikaOS_1_ee_gnu_oo.o)
 .debug_aranges
                0x00001ca0       0x20 .\CortexM3\ARM_GCC_541\Debug\ReactionGame.a(CyBootAsmGnu.o)
 .debug_aranges
                0x00001cc0       0x20 .\CortexM3\ARM_GCC_541\Debug\ReactionGame.a(ErikaOS_1_ee_tnterm.o)
 .debug_aranges
                0x00001ce0       0x20 .\CortexM3\ARM_GCC_541\Debug\ReactionGame.a(ErikaOS_1_ee_tstub.o)
 .debug_aranges
                0x00001d00       0x28 .\CortexM3\ARM_GCC_541\Debug\ReactionGame.a(ErikaOS_1_cortex_mx_ee_context.o)
 .debug_aranges
                0x00001d28       0x20 .\CortexM3\ARM_GCC_541\Debug\ReactionGame.a(USBUART_cls.o)
 .debug_aranges
                0x00001d48       0x18 .\CortexM3\ARM_GCC_541\Debug\ReactionGame.a(USBUART_descr.o)
 .debug_aranges
                0x00001d60       0x88 .\CortexM3\ARM_GCC_541\Debug\ReactionGame.a(CyFlash.o)
 .debug_aranges
                0x00001de8       0x80 .\CortexM3\ARM_GCC_541\Debug\ReactionGame.a(CySpc.o)
 .debug_aranges
                0x00001e68       0x30 .\CortexM3\ARM_GCC_541\Debug\ReactionGame.a(ErikaOS_1_ee_thendin.o)

.debug_pubnames
 *(.debug_pubnames)

.debug_info     0x00000000    0x1c35f
 *(.debug_info .gnu.linkonce.wi.*)
 .debug_info    0x00000000      0x8fe .\CortexM3\ARM_GCC_541\Debug\main.o
 .debug_info    0x000008fe      0x744 .\CortexM3\ARM_GCC_541\Debug\game.o
 .debug_info    0x00001042      0x37e .\CortexM3\ARM_GCC_541\Debug\arcadian.o
 .debug_info    0x000013c0      0x30e .\CortexM3\ARM_GCC_541\Debug\trcStreamingPort.o
 .debug_info    0x000016ce      0x72c .\CortexM3\ARM_GCC_541\Debug\trcKernelPort.o
 .debug_info    0x00001dfa      0x11c .\CortexM3\ARM_GCC_541\Debug\trcSnapshotRecorder.o
 .debug_info    0x00001f16     0x213c .\CortexM3\ARM_GCC_541\Debug\trcStreamingRecorder.o
 .debug_info    0x00004052      0x2f7 .\CortexM3\ARM_GCC_541\Debug\button.o
 .debug_info    0x00004349      0x2de .\CortexM3\ARM_GCC_541\Debug\joystick.o
 .debug_info    0x00004627      0x66a .\CortexM3\ARM_GCC_541\Debug\led.o
 .debug_info    0x00004c91      0x4de .\CortexM3\ARM_GCC_541\Debug\seven.o
 .debug_info    0x0000516f      0x3b5 .\CortexM3\ARM_GCC_541\Debug\logging.o
 .debug_info    0x00005524     0x2733 .\CortexM3\ARM_GCC_541\Debug\tft.o
 .debug_info    0x00007c57      0x67e .\CortexM3\ARM_GCC_541\Debug\cyfitter_cfg.o
 .debug_info    0x000082d5      0x139 .\CortexM3\ARM_GCC_541\Debug\cymetadata.o
 .debug_info    0x0000840e      0x3cf .\CortexM3\ARM_GCC_541\Debug\Cm3Start.o
 .debug_info    0x000087dd      0x80d .\CortexM3\ARM_GCC_541\Debug\ReactionGame.a(ErikaOS_1_ee_activate.o)
 .debug_info    0x00008fea      0x671 .\CortexM3\ARM_GCC_541\Debug\ReactionGame.a(ErikaOS_1_ee_alsetrel.o)
 .debug_info    0x0000965b      0xcf5 .\CortexM3\ARM_GCC_541\Debug\ReactionGame.a(ErikaOS_1_ee_altick.o)
 .debug_info    0x0000a350      0x637 .\CortexM3\ARM_GCC_541\Debug\ReactionGame.a(ErikaOS_1_ee_evclear.o)
 .debug_info    0x0000a987      0x555 .\CortexM3\ARM_GCC_541\Debug\ReactionGame.a(ErikaOS_1_ee_evget.o)
 .debug_info    0x0000aedc      0x8b1 .\CortexM3\ARM_GCC_541\Debug\ReactionGame.a(ErikaOS_1_ee_evset.o)
 .debug_info    0x0000b78d      0x930 .\CortexM3\ARM_GCC_541\Debug\ReactionGame.a(ErikaOS_1_ee_evwait.o)
 .debug_info    0x0000c0bd      0x4a6 .\CortexM3\ARM_GCC_541\Debug\ReactionGame.a(ErikaOS_1_ee_gettaskid.o)
 .debug_info    0x0000c563      0x6a7 .\CortexM3\ARM_GCC_541\Debug\ReactionGame.a(ErikaOS_1_ee_irqendin.o)
 .debug_info    0x0000cc0a      0x3d0 .\CortexM3\ARM_GCC_541\Debug\ReactionGame.a(ErikaOS_1_ee_lookup.o)
 .debug_info    0x0000cfda      0x46f .\CortexM3\ARM_GCC_541\Debug\ReactionGame.a(ErikaOS_1_ee_rq_exchg.o)
 .debug_info    0x0000d449      0x421 .\CortexM3\ARM_GCC_541\Debug\ReactionGame.a(ErikaOS_1_ee_rq_first.o)
 .debug_info    0x0000d86a      0x475 .\CortexM3\ARM_GCC_541\Debug\ReactionGame.a(ErikaOS_1_ee_rq_inser.o)
 .debug_info    0x0000dcdf      0xbeb .\CortexM3\ARM_GCC_541\Debug\ReactionGame.a(ErikaOS_1_ee_startos.o)
 .debug_info    0x0000e8ca      0x589 .\CortexM3\ARM_GCC_541\Debug\ReactionGame.a(ErikaOS_1_ee_terminat.o)
 .debug_info    0x0000ee53      0x52b .\CortexM3\ARM_GCC_541\Debug\ReactionGame.a(ErikaOS_1_cortex_mx_ee_utils.o)
 .debug_info    0x0000f37e      0x3cb .\CortexM3\ARM_GCC_541\Debug\ReactionGame.a(ErikaOS_1_common_ee_hal_structs.o)
 .debug_info    0x0000f749      0x8c7 .\CortexM3\ARM_GCC_541\Debug\ReactionGame.a(ErikaOS_1_eecfg.o)
 .debug_info    0x00010010      0x11f .\CortexM3\ARM_GCC_541\Debug\ReactionGame.a(SEVEN_DP.o)
 .debug_info    0x0001012f      0x11f .\CortexM3\ARM_GCC_541\Debug\ReactionGame.a(SEVEN_SELECT.o)
 .debug_info    0x0001024e       0xd6 .\CortexM3\ARM_GCC_541\Debug\ReactionGame.a(SEVEN_reg.o)
 .debug_info    0x00010324      0x11f .\CortexM3\ARM_GCC_541\Debug\ReactionGame.a(BUTTON_1.o)
 .debug_info    0x00010443      0x2d2 .\CortexM3\ARM_GCC_541\Debug\ReactionGame.a(isr_Button.o)
 .debug_info    0x00010715      0x11f .\CortexM3\ARM_GCC_541\Debug\ReactionGame.a(BUTTON_2.o)
 .debug_info    0x00010834      0x11f .\CortexM3\ARM_GCC_541\Debug\ReactionGame.a(BUTTON_3.o)
 .debug_info    0x00010953      0x11f .\CortexM3\ARM_GCC_541\Debug\ReactionGame.a(BUTTON_4.o)
 .debug_info    0x00010a72      0x11f .\CortexM3\ARM_GCC_541\Debug\ReactionGame.a(LED_red.o)
 .debug_info    0x00010b91      0x11f .\CortexM3\ARM_GCC_541\Debug\ReactionGame.a(LED_yellow.o)
 .debug_info    0x00010cb0      0x11f .\CortexM3\ARM_GCC_541\Debug\ReactionGame.a(LED_green.o)
 .debug_info    0x00010dcf      0x60c .\CortexM3\ARM_GCC_541\Debug\ReactionGame.a(UART_LOG.o)
 .debug_info    0x000113db      0x295 .\CortexM3\ARM_GCC_541\Debug\ReactionGame.a(RGB_PWM_red.o)
 .debug_info    0x00011670      0x295 .\CortexM3\ARM_GCC_541\Debug\ReactionGame.a(RGB_PWM_green.o)
 .debug_info    0x00011905      0x295 .\CortexM3\ARM_GCC_541\Debug\ReactionGame.a(RGB_PWM_blue.o)
 .debug_info    0x00011b9a      0x993 .\CortexM3\ARM_GCC_541\Debug\ReactionGame.a(USBUART.o)
 .debug_info    0x0001252d      0xaf7 .\CortexM3\ARM_GCC_541\Debug\ReactionGame.a(USBUART_cdc.o)
 .debug_info    0x00013024      0x655 .\CortexM3\ARM_GCC_541\Debug\ReactionGame.a(USBUART_drv.o)
 .debug_info    0x00013679      0x254 .\CortexM3\ARM_GCC_541\Debug\ReactionGame.a(USBUART_episr.o)
 .debug_info    0x000138cd      0x2e4 .\CortexM3\ARM_GCC_541\Debug\ReactionGame.a(USBUART_pm.o)
 .debug_info    0x00013bb1      0xb26 .\CortexM3\ARM_GCC_541\Debug\ReactionGame.a(USBUART_std.o)
 .debug_info    0x000146d7       0xed .\CortexM3\ARM_GCC_541\Debug\ReactionGame.a(USBUART_vnd.o)
 .debug_info    0x000147c4      0x6f2 .\CortexM3\ARM_GCC_541\Debug\ReactionGame.a(JOYSTICK_ADC_XY.o)
 .debug_info    0x00014eb6       0xa0 .\CortexM3\ARM_GCC_541\Debug\ReactionGame.a(JOYSTICK_ADC_XY_INT.o)
 .debug_info    0x00014f56      0x4bb .\CortexM3\ARM_GCC_541\Debug\ReactionGame.a(TFT_SPI.o)
 .debug_info    0x00015411      0x11f .\CortexM3\ARM_GCC_541\Debug\ReactionGame.a(TFT_DC.o)
 .debug_info    0x00015530      0x11f .\CortexM3\ARM_GCC_541\Debug\ReactionGame.a(TFT_RES.o)
 .debug_info    0x0001564f      0x27e .\CortexM3\ARM_GCC_541\Debug\ReactionGame.a(TFT_BackLight.o)
 .debug_info    0x000158cd      0x283 .\CortexM3\ARM_GCC_541\Debug\ReactionGame.a(UART_LOG_IntClock.o)
 .debug_info    0x00015b50      0x174 .\CortexM3\ARM_GCC_541\Debug\ReactionGame.a(USBUART_Dp.o)
 .debug_info    0x00015cc4      0x544 .\CortexM3\ARM_GCC_541\Debug\ReactionGame.a(JOYSTICK_ADC_XY_SAR.o)
 .debug_info    0x00016208      0x1a8 .\CortexM3\ARM_GCC_541\Debug\ReactionGame.a(JOYSTICK_ADC_XY_TempBuf_dma.o)
 .debug_info    0x000163b0      0x1aa .\CortexM3\ARM_GCC_541\Debug\ReactionGame.a(JOYSTICK_ADC_XY_FinalBuf_dma.o)
 .debug_info    0x0001655a      0x2d2 .\CortexM3\ARM_GCC_541\Debug\ReactionGame.a(JOYSTICK_ADC_XY_IRQ.o)
 .debug_info    0x0001682c      0x283 .\CortexM3\ARM_GCC_541\Debug\ReactionGame.a(TFT_SPI_IntClock.o)
 .debug_info    0x00016aaf      0x94e .\CortexM3\ARM_GCC_541\Debug\ReactionGame.a(CyDmac.o)
 .debug_info    0x000173fd     0x1374 .\CortexM3\ARM_GCC_541\Debug\ReactionGame.a(CyLib.o)
 .debug_info    0x00018771      0xa2a .\CortexM3\ARM_GCC_541\Debug\ReactionGame.a(cyPm.o)
 .debug_info    0x0001919b      0x278 .\CortexM3\ARM_GCC_541\Debug\ReactionGame.a(PWM_Red.o)
 .debug_info    0x00019413      0x278 .\CortexM3\ARM_GCC_541\Debug\ReactionGame.a(PWM_Yellow.o)
 .debug_info    0x0001968b      0x279 .\CortexM3\ARM_GCC_541\Debug\ReactionGame.a(PWM_Green.o)
 .debug_info    0x00019904       0xa0 .\CortexM3\ARM_GCC_541\Debug\ReactionGame.a(ErikaOS_1_ee_gnu_change_context_isr.o)
 .debug_info    0x000199a4       0x97 .\CortexM3\ARM_GCC_541\Debug\ReactionGame.a(ErikaOS_1_ee_gnu_irq_stack.o)
 .debug_info    0x00019a3b       0x9b .\CortexM3\ARM_GCC_541\Debug\ReactionGame.a(ErikaOS_1_ee_gnu_multi_context.o)
 .debug_info    0x00019ad6       0x90 .\CortexM3\ARM_GCC_541\Debug\ReactionGame.a(ErikaOS_1_ee_gnu_oo.o)
 .debug_info    0x00019b66       0x89 .\CortexM3\ARM_GCC_541\Debug\ReactionGame.a(CyBootAsmGnu.o)
 .debug_info    0x00019bef      0x43d .\CortexM3\ARM_GCC_541\Debug\ReactionGame.a(ErikaOS_1_ee_tnterm.o)
 .debug_info    0x0001a02c      0x559 .\CortexM3\ARM_GCC_541\Debug\ReactionGame.a(ErikaOS_1_ee_tstub.o)
 .debug_info    0x0001a585      0x501 .\CortexM3\ARM_GCC_541\Debug\ReactionGame.a(ErikaOS_1_cortex_mx_ee_context.o)
 .debug_info    0x0001aa86      0x1de .\CortexM3\ARM_GCC_541\Debug\ReactionGame.a(USBUART_cls.o)
 .debug_info    0x0001ac64      0x2a3 .\CortexM3\ARM_GCC_541\Debug\ReactionGame.a(USBUART_descr.o)
 .debug_info    0x0001af07      0x64d .\CortexM3\ARM_GCC_541\Debug\ReactionGame.a(CyFlash.o)
 .debug_info    0x0001b554      0x550 .\CortexM3\ARM_GCC_541\Debug\ReactionGame.a(CySpc.o)
 .debug_info    0x0001baa4      0x8bb .\CortexM3\ARM_GCC_541\Debug\ReactionGame.a(ErikaOS_1_ee_thendin.o)

.debug_abbrev   0x00000000     0x749d
 *(.debug_abbrev)
 .debug_abbrev  0x00000000      0x1fc .\CortexM3\ARM_GCC_541\Debug\main.o
 .debug_abbrev  0x000001fc      0x1fc .\CortexM3\ARM_GCC_541\Debug\game.o
 .debug_abbrev  0x000003f8      0x141 .\CortexM3\ARM_GCC_541\Debug\arcadian.o
 .debug_abbrev  0x00000539       0xff .\CortexM3\ARM_GCC_541\Debug\trcStreamingPort.o
 .debug_abbrev  0x00000638      0x21f .\CortexM3\ARM_GCC_541\Debug\trcKernelPort.o
 .debug_abbrev  0x00000857       0x5c .\CortexM3\ARM_GCC_541\Debug\trcSnapshotRecorder.o
 .debug_abbrev  0x000008b3      0x388 .\CortexM3\ARM_GCC_541\Debug\trcStreamingRecorder.o
 .debug_abbrev  0x00000c3b      0x11c .\CortexM3\ARM_GCC_541\Debug\button.o
 .debug_abbrev  0x00000d57      0x11e .\CortexM3\ARM_GCC_541\Debug\joystick.o
 .debug_abbrev  0x00000e75      0x1c5 .\CortexM3\ARM_GCC_541\Debug\led.o
 .debug_abbrev  0x0000103a      0x155 .\CortexM3\ARM_GCC_541\Debug\seven.o
 .debug_abbrev  0x0000118f      0x14a .\CortexM3\ARM_GCC_541\Debug\logging.o
 .debug_abbrev  0x000012d9      0x2bf .\CortexM3\ARM_GCC_541\Debug\tft.o
 .debug_abbrev  0x00001598      0x20d .\CortexM3\ARM_GCC_541\Debug\cyfitter_cfg.o
 .debug_abbrev  0x000017a5       0x77 .\CortexM3\ARM_GCC_541\Debug\cymetadata.o
 .debug_abbrev  0x0000181c      0x1e8 .\CortexM3\ARM_GCC_541\Debug\Cm3Start.o
 .debug_abbrev  0x00001a04      0x284 .\CortexM3\ARM_GCC_541\Debug\ReactionGame.a(ErikaOS_1_ee_activate.o)
 .debug_abbrev  0x00001c88      0x216 .\CortexM3\ARM_GCC_541\Debug\ReactionGame.a(ErikaOS_1_ee_alsetrel.o)
 .debug_abbrev  0x00001e9e      0x38c .\CortexM3\ARM_GCC_541\Debug\ReactionGame.a(ErikaOS_1_ee_altick.o)
 .debug_abbrev  0x0000222a      0x218 .\CortexM3\ARM_GCC_541\Debug\ReactionGame.a(ErikaOS_1_ee_evclear.o)
 .debug_abbrev  0x00002442      0x188 .\CortexM3\ARM_GCC_541\Debug\ReactionGame.a(ErikaOS_1_ee_evget.o)
 .debug_abbrev  0x000025ca      0x2bc .\CortexM3\ARM_GCC_541\Debug\ReactionGame.a(ErikaOS_1_ee_evset.o)
 .debug_abbrev  0x00002886      0x2b4 .\CortexM3\ARM_GCC_541\Debug\ReactionGame.a(ErikaOS_1_ee_evwait.o)
 .debug_abbrev  0x00002b3a      0x161 .\CortexM3\ARM_GCC_541\Debug\ReactionGame.a(ErikaOS_1_ee_gettaskid.o)
 .debug_abbrev  0x00002c9b      0x24c .\CortexM3\ARM_GCC_541\Debug\ReactionGame.a(ErikaOS_1_ee_irqendin.o)
 .debug_abbrev  0x00002ee7       0xcf .\CortexM3\ARM_GCC_541\Debug\ReactionGame.a(ErikaOS_1_ee_lookup.o)
 .debug_abbrev  0x00002fb6       0xfc .\CortexM3\ARM_GCC_541\Debug\ReactionGame.a(ErikaOS_1_ee_rq_exchg.o)
 .debug_abbrev  0x000030b2       0xed .\CortexM3\ARM_GCC_541\Debug\ReactionGame.a(ErikaOS_1_ee_rq_first.o)
 .debug_abbrev  0x0000319f      0x109 .\CortexM3\ARM_GCC_541\Debug\ReactionGame.a(ErikaOS_1_ee_rq_inser.o)
 .debug_abbrev  0x000032a8      0x36f .\CortexM3\ARM_GCC_541\Debug\ReactionGame.a(ErikaOS_1_ee_startos.o)
 .debug_abbrev  0x00003617      0x1de .\CortexM3\ARM_GCC_541\Debug\ReactionGame.a(ErikaOS_1_ee_terminat.o)
 .debug_abbrev  0x000037f5      0x1f0 .\CortexM3\ARM_GCC_541\Debug\ReactionGame.a(ErikaOS_1_cortex_mx_ee_utils.o)
 .debug_abbrev  0x000039e5       0xcf .\CortexM3\ARM_GCC_541\Debug\ReactionGame.a(ErikaOS_1_common_ee_hal_structs.o)
 .debug_abbrev  0x00003ab4      0x127 .\CortexM3\ARM_GCC_541\Debug\ReactionGame.a(ErikaOS_1_eecfg.o)
 .debug_abbrev  0x00003bdb       0x90 .\CortexM3\ARM_GCC_541\Debug\ReactionGame.a(SEVEN_DP.o)
 .debug_abbrev  0x00003c6b       0x90 .\CortexM3\ARM_GCC_541\Debug\ReactionGame.a(SEVEN_SELECT.o)
 .debug_abbrev  0x00003cfb       0x81 .\CortexM3\ARM_GCC_541\Debug\ReactionGame.a(SEVEN_reg.o)
 .debug_abbrev  0x00003d7c       0x90 .\CortexM3\ARM_GCC_541\Debug\ReactionGame.a(BUTTON_1.o)
 .debug_abbrev  0x00003e0c      0x173 .\CortexM3\ARM_GCC_541\Debug\ReactionGame.a(isr_Button.o)
 .debug_abbrev  0x00003f7f       0x90 .\CortexM3\ARM_GCC_541\Debug\ReactionGame.a(BUTTON_2.o)
 .debug_abbrev  0x0000400f       0x90 .\CortexM3\ARM_GCC_541\Debug\ReactionGame.a(BUTTON_3.o)
 .debug_abbrev  0x0000409f       0x90 .\CortexM3\ARM_GCC_541\Debug\ReactionGame.a(BUTTON_4.o)
 .debug_abbrev  0x0000412f       0x90 .\CortexM3\ARM_GCC_541\Debug\ReactionGame.a(LED_red.o)
 .debug_abbrev  0x000041bf       0x90 .\CortexM3\ARM_GCC_541\Debug\ReactionGame.a(LED_yellow.o)
 .debug_abbrev  0x0000424f       0x90 .\CortexM3\ARM_GCC_541\Debug\ReactionGame.a(LED_green.o)
 .debug_abbrev  0x000042df      0x175 .\CortexM3\ARM_GCC_541\Debug\ReactionGame.a(UART_LOG.o)
 .debug_abbrev  0x00004454      0x12d .\CortexM3\ARM_GCC_541\Debug\ReactionGame.a(RGB_PWM_red.o)
 .debug_abbrev  0x00004581      0x12d .\CortexM3\ARM_GCC_541\Debug\ReactionGame.a(RGB_PWM_green.o)
 .debug_abbrev  0x000046ae      0x12d .\CortexM3\ARM_GCC_541\Debug\ReactionGame.a(RGB_PWM_blue.o)
 .debug_abbrev  0x000047db      0x215 .\CortexM3\ARM_GCC_541\Debug\ReactionGame.a(USBUART.o)